--------- beginning of main
03-10 11:59:40.632   912   912 D StatusBarIconController: ignoring old pipeline callback because the new wifi icon is enabled
--------- beginning of system
03-10 11:59:40.788   557   572 I ActivityManager: Force stopping com.anonymous.eoynxmobile appid=10193 user=0: from pid 26987
03-10 11:59:40.812   557   572 I ActivityManager: Killing 26918:com.anonymous.eoynxmobile/u0a193 (adj 0): stop com.anonymous.eoynxmobile due to from pid 26987
03-10 11:59:40.812   557   572 W ActivityTaskManager: Force removing ActivityRecord{412e7e5 u0 com.anonymous.eoynxmobile/.MainActivity t73 f}}: app died, no saved state
03-10 11:59:40.824   912   953 W Looper  : Drained
03-10 11:59:40.825   912   953 V WindowManagerShell: Transition requested: android.os.BinderProxy@cf85f67 TransitionRequestInfo { type = CLOSE, triggerTask = TaskInfo{userId=0 taskId=73 displayId=0 isRunning=false baseIntent=Intent { act=android.intent.action.MAIN cat=[android.intent.category.LAUNCHER] flg=0x10200000 cmp=com.anonymous.eoynxmobile/.MainActivity } baseActivity=null topActivity=null origActivity=null realActivity=ComponentInfo{com.anonymous.eoynxmobile/com.anonymous.eoynxmobile.MainActivity} numActivities=0 lastActiveTime=12671341 supportsMultiWindow=true resizeMode=1 isResizeable=true minWidth=-1 minHeight=-1 defaultMinSize=220 token=WCT{android.window.IWindowContainerToken$Stub$Proxy@37c3114} topActivityType=1 pictureInPictureParams=null shouldDockBigOverlays=false launchIntoPipHostTaskId=-1 lastParentTaskIdBeforePip=-1 displayCutoutSafeInsets=null topActivityInfo=null launchCookies=[] positionInParent=Point(0, 0) parentTaskId=-1 isFocused=true isVisible=true isVisibleRequested=true isSleeping=false topActivityInSizeCompat=false topActivityEligibleForLetterboxEducation= false topActivityLetterboxed= false isFromDoubleTap= false topActivityLetterboxVerticalPosition= -1 topActivityLetterboxHorizontalPosition= -1 topActivityLetterboxWidth=-1 topActivityLetterboxHeight=-1 locusId=null displayAreaFeatureId=1 cameraCompatControlState=hidden}, remoteTransition = null, displayChange = null }
03-10 11:59:40.831   557   577 D DisplayManagerService: Drop pending events for gone uid 10193
03-10 11:59:40.921   557  1328 I WindowManager: WIN DEATH: Window{bd8cfe9 u0 com.anonymous.eoynxmobile/com.anonymous.eoynxmobile.MainActivity}
03-10 11:59:40.935  1194  1194 D AutofillManager: view is not autofillable - activity denied for autofill
03-10 11:59:40.936   365   365 I Zygote  : Process 26918 exited due to signal 9 (Killed)
03-10 11:59:40.972   557  2515 I ImeTracker: com.anonymous.eoynxmobile:d30a7f91: onRequestHide at ORIGIN_SERVER_HIDE_INPUT reason HIDE_REMOVE_CLIENT
03-10 11:59:40.976   557  2515 I ImeTracker: com.anonymous.eoynxmobile:d30a7f91: onCancelled at PHASE_SERVER_SHOULD_HIDE
03-10 11:59:40.976   557  1328 W InputManager-JNI: Input channel object 'bd8cfe9 com.anonymous.eoynxmobile/com.anonymous.eoynxmobile.MainActivity (client)' was disposed without first being removed with the input manager!
03-10 11:59:40.995   557  1265 I WindowManager: WIN DEATH: Window{3da6a34 u0 PopupWindow:ad345a0}
03-10 11:59:40.995   557  1265 W InputManager-JNI: Input channel object '3da6a34 PopupWindow:ad345a0 (client)' was disposed without first being removed with the input manager!
03-10 11:59:41.008   912   953 W Looper  : Slow dispatch took 183ms wmshell.main h=android.os.Handler c=com.android.wm.shell.transition.Transitions$TransitionPlayerImpl$$ExternalSyntheticLambda1@c4d2dbd m=0
03-10 11:59:41.021   912   953 W Looper  : Slow delivery took 133ms wmshell.main h=android.os.Handler c=android.window.TaskOrganizer$1$$ExternalSyntheticLambda3@dfa3fb2 m=0
03-10 11:59:41.071   432   432 I BpBinder: onLastStrongRef automatically unlinking death recipients: 
03-10 11:59:41.137   557   579 V WindowManager: Unknown focus tokens, dropping reportFocusChanged
03-10 11:59:41.145   557   972 W system_server: Long monitor contention with owner binder:557_1 (572) at void com.android.server.am.ActivityManagerService.forceStopPackage(java.lang.String, int, int)(ActivityManagerService.java:3853) waiters=2 in void com.android.server.am.ActivityManagerService$AppDeathRecipient.binderDied() for 229ms
03-10 11:59:41.145   557   972 V ActivityManager: Got obituary of 26918:com.anonymous.eoynxmobile
03-10 11:59:41.159   557  2533 W ProcessStats: Tracking association SourceState{a6a0000 com.google.android.googlequicksearchbox:search/10132 BTop #33113} whose proc state 2 is better than process ProcessState{143132e com.google.android.googlequicksearchbox:interactor/10132 pkg=com.google.android.googlequicksearchbox} proc state 4 (3 skipped)
03-10 11:59:41.168   557   588 W system_server: Long monitor contention with owner binder:557_1 (572) at void com.android.server.am.ActivityManagerService.forceStopPackage(java.lang.String, int, int)(ActivityManagerService.java:3853) waiters=1 in boolean com.android.server.am.BroadcastQueueModernImpl.lambda$new$0(android.os.Message) for 296ms
03-10 11:59:41.169   557   577 W system_server: Long monitor contention with owner binder:557_1 (572) at void com.android.server.am.ActivityManagerService.forceStopPackage(java.lang.String, int, int)(ActivityManagerService.java:3853) waiters=6 in void com.android.server.am.BroadcastQueueModernImpl$1.onUidStateChanged(int, int, long, int) for 189ms
03-10 11:59:41.173   557   577 W Looper  : Slow dispatch took 198ms android.ui h=com.android.server.am.ActivityManagerService$UiHandler c=com.android.server.am.UidObserverController$$ExternalSyntheticLambda0@6216085 m=0
03-10 11:59:41.199   557   577 W Looper  : Slow delivery took 222ms android.ui h=com.android.server.wm.DisplayPolicy$PolicyHandler c=com.android.server.wm.DisplayPolicy$$ExternalSyntheticLambda8@2c17248 m=0
03-10 11:59:41.280 21698 21750 D BtGatt.ScanManager: uid 10128 isForeground true scanMode -1
03-10 11:59:41.281 21698 21750 D BtGatt.ScanManager: uid 10128 isForeground true scanMode -1
03-10 11:59:41.284   912   953 W Looper  : Drained
03-10 11:59:41.285   557   974 W system_server: Long monitor contention with owner binder:557_1 (572) at void com.android.server.am.ActivityManagerService.forceStopPackage(java.lang.String, int, int)(ActivityManagerService.java:3853) waiters=3 in android.content.Intent com.android.server.am.ActivityManagerService.registerReceiverWithFeature(android.app.IApplicationThread, java.lang.String, java.lang.String, java.lang.String, android.content.IIntentReceiver, android.content.IntentFilter, java.lang.String, int, int) for 254ms
03-10 11:59:41.317  1194  2053 E OpenGLRenderer: Unable to match the desired swap behavior.
03-10 11:59:41.358  1139  1139 D CarrierSvcBindHelper: onHandleForceStop: [com.anonymous.eoynxmobile]
03-10 11:59:41.384  1139  1139 D CarrierSvcBindHelper: No carrier app for: 0
03-10 11:59:41.524   557   974 W WindowManager: Failed to deliver inset control state change to w=Window{bd8cfe9 u0 com.anonymous.eoynxmobile/com.anonymous.eoynxmobile.MainActivity EXITING}
03-10 11:59:41.524   557   974 W WindowManager: android.os.DeadObjectException
03-10 11:59:41.524   557   974 W WindowManager: 	at android.os.BinderProxy.transactNative(Native Method)
03-10 11:59:41.524   557   974 W WindowManager: 	at android.os.BinderProxy.transact(BinderProxy.java:584)
03-10 11:59:41.524   557   974 W WindowManager: 	at android.view.IWindow$Stub$Proxy.insetsControlChanged(IWindow.java:479)
03-10 11:59:41.524   557   974 W WindowManager: 	at com.android.server.wm.WindowState.notifyInsetsControlChanged(WindowState.java:3802)
03-10 11:59:41.524   557   974 W WindowManager: 	at com.android.server.wm.InsetsStateController.lambda$notifyPendingInsetsControlChanged$3(InsetsStateController.java:343)
03-10 11:59:41.524   557   974 W WindowManager: 	at com.android.server.wm.InsetsStateController.$r8$lambda$8yykPRG1GyNq_J17QvL9d5xANMc(InsetsStateController.java:0)
03-10 11:59:41.524   557   974 W WindowManager: 	at com.android.server.wm.InsetsStateController$$ExternalSyntheticLambda2.run(R8$$SyntheticClass:0)
03-10 11:59:41.524   557   974 W WindowManager: 	at com.android.server.wm.WindowAnimator.executeAfterPrepareSurfacesRunnables(WindowAnimator.java:294)
03-10 11:59:41.524   557   974 W WindowManager: 	at com.android.server.wm.RootWindowContainer.performSurfacePlacementNoTrace(RootWindowContainer.java:811)
03-10 11:59:41.524   557   974 W WindowManager: 	at com.android.server.wm.RootWindowContainer.performSurfacePlacement(RootWindowContainer.java:756)
03-10 11:59:41.524   557   974 W WindowManager: 	at com.android.server.wm.WindowSurfacePlacer.performSurfacePlacementLoop(WindowSurfacePlacer.java:177)
03-10 11:59:41.524   557   974 W WindowManager: 	at com.android.server.wm.WindowSurfacePlacer.performSurfacePlacement(WindowSurfacePlacer.java:126)
03-10 11:59:41.524   557   974 W WindowManager: 	at com.android.server.wm.WindowManagerService.relayoutWindow(WindowManagerService.java:2410)
03-10 11:59:41.524   557   974 W WindowManager: 	at com.android.server.wm.Session.relayout(Session.java:249)
03-10 11:59:41.524   557   974 W WindowManager: 	at android.view.IWindowSession$Stub.onTransact(IWindowSession.java:701)
03-10 11:59:41.524   557   974 W WindowManager: 	at com.android.server.wm.Session.onTransact(Session.java:178)
03-10 11:59:41.524   557   974 W WindowManager: 	at android.os.Binder.execTransactInternal(Binder.java:1339)
03-10 11:59:41.524   557   974 W WindowManager: 	at android.os.Binder.execTransact(Binder.java:1275)
03-10 11:59:41.838  1194  5512 I OpenGLRenderer: Davey! duration=844ms; Flags=1, FrameTimelineVsyncId=3598660, IntendedVsync=12787111822242, Vsync=12787145155574, InputEventId=0, HandleInputStart=12787146195840, AnimationStart=12787146196572, PerformTraversalsStart=12787146196736, DrawStart=12787579486133, FrameDeadline=12787128488908, FrameInterval=12787146168578, FrameStartTime=16666666, SyncQueued=12787687475430, SyncStart=12787700050982, IssueDrawCommandsStart=12787703820040, SwapBuffers=12787955153237, FrameCompleted=12787969324708, DequeueBufferDuration=3813, QueueBufferDuration=12703812, GpuCompleted=12787966362539, SwapBuffersCompleted=12787969324708, DisplayPresentTime=0, CommandSubmissionCompleted=12787955153237, 
03-10 11:59:41.923   557  1804 W AppSearchIcing: icing-search-engine.cc:283: Error: 5, Message: Document (com.google.android.googlequicksearchbox$OneSearchZeroStateGoogleSuggestions/default, zp) not found.
03-10 11:59:41.927  1909  3345 E OpenGLRenderer: Unable to match the desired swap behavior.
03-10 11:59:41.927  1194  2397 D OneSearchSuggestProvider: Created the binder channel successfully for end point service =com.google.android.apps.search.googleapp.search.suggest.plugins.onesearch.server.OneSearchSuggestService , mChannel=z1{delegate=s1{logId=165, target=directaddress:///AndroidComponentAddress%5BIntent%20%7B%20act=grpc.io.action.BIND%20cmp=com.google.android.googlequicksearchbox/com.google.android.apps.search.googleapp.search.suggest.plugins.onesearch.server.OneSearchSuggestService%20%7D%5D}} , mOneSearchConnection=X1.T@6703e37
03-10 11:59:41.942  1776  2152 I AiAiEcho: Predicting[0]: 
03-10 11:59:41.943  1776  2152 I AiAiEcho: EchoTargets: 
03-10 11:59:41.943  1776  2152 I AiAiEcho: Filtered by AiAi flag check: 
03-10 11:59:41.943  1776  2152 I AiAiEcho: Ranked targets strategy: SORT, count: 0, ranking metadata: 
03-10 11:59:41.943  1776  2152 I AiAiEcho: #postPredictionTargets: Sending updates to UISurface home with targets# 0 (types=[])
03-10 11:59:41.969 26991 26991 D AndroidRuntime: >>>>>> START com.android.internal.os.RuntimeInit uid 2000 <<<<<<
03-10 11:59:41.982   557   577 W Looper  : Drained
03-10 11:59:42.160 26991 26991 I AndroidRuntime: Using default boot image
03-10 11:59:42.161 26991 26991 I AndroidRuntime: Leaving lock profiling enabled
03-10 11:59:42.165 26991 26991 I app_process: Core platform API reporting enabled, enforcing=false
03-10 11:59:42.165 26991 26991 I app_process: Using CollectorTypeCC GC.
03-10 11:59:42.232   912   953 V WindowManagerShell: onTransitionReady android.os.BinderProxy@cf85f67: {id=157 t=CLOSE f=0x0 trk=0 r=[0@Point(0, 0)] c=[{WCT{android.window.IWindowContainerToken$Stub$Proxy@927d45f} m=CLOSE f=NONE leash=Surface(name=Task=73)/@0x8a18b03 sb=Rect(0, 0 - 1080, 2400) eb=Rect(0, 0 - 1080, 2400) d=0},{WCT{android.window.IWindowContainerToken$Stub$Proxy@9248eac} m=TO_FRONT f=SHOW_WALLPAPER leash=Surface(name=Task=1)/@0xc754a80 sb=Rect(0, 0 - 1080, 2400) eb=Rect(0, 0 - 1080, 2400) d=0},{null m=TO_FRONT f=IS_WALLPAPER leash=Surface(name=WallpaperWindowToken{8e878a8 token=android.os.Binder@85978cb})/@0x9a3e8b9 sb=Rect(0, 0 - 1080, 2400) eb=Rect(0, 0 - 1080, 2400) d=0}]}
03-10 11:59:42.251   912   953 V WindowManagerShell: Playing animation for (#157)android.os.BinderProxy@cf85f67@0
03-10 11:59:42.251   912   953 V WindowManagerShell:  try handler com.android.wm.shell.transition.DefaultMixedHandler@c35a352
03-10 11:59:42.251   912   953 V WindowManagerShell:  try handler com.android.wm.shell.keyguard.KeyguardTransitionHandler@e05b623
03-10 11:59:42.251   912   953 V WindowManagerShell:  try handler com.android.wm.shell.activityembedding.ActivityEmbeddingController@7ff6720
03-10 11:59:42.251   912   953 V WindowManagerShell:  try handler com.android.wm.shell.recents.RecentsTransitionHandler@bead8d9
03-10 11:59:42.251   912   953 V ShellRecents: RecentsTransitionHandler.startAnimation: no controller found
03-10 11:59:42.251   912   953 V WindowManagerShell:  try handler com.android.wm.shell.pip.PipTransition@1e6a29e
03-10 11:59:42.251   912   953 V WindowManagerShell:  try handler com.android.wm.shell.splitscreen.StageCoordinator@8f3917f
03-10 11:59:42.251   912   953 V WindowManagerShell:  try handler com.android.wm.shell.transition.RemoteTransitionHandler@d43d54c
03-10 11:59:42.251   912   953 V WindowManagerShell: Transition doesn't have explicit remote, search filters for match for {id=157 t=CLOSE f=0x0 trk=0 r=[0@Point(0, 0)] c=[{WCT{android.window.IWindowContainerToken$Stub$Proxy@927d45f} m=CLOSE f=NONE leash=Surface(name=Task=73)/@0x8a18b03 sb=Rect(0, 0 - 1080, 2400) eb=Rect(0, 0 - 1080, 2400) d=0},{WCT{android.window.IWindowContainerToken$Stub$Proxy@9248eac} m=TO_FRONT f=SHOW_WALLPAPER leash=Surface(name=Task=1)/@0xc754a80 sb=Rect(0, 0 - 1080, 2400) eb=Rect(0, 0 - 1080, 2400) d=0},{null m=TO_FRONT f=IS_WALLPAPER leash=Surface(name=WallpaperWindowToken{8e878a8 token=android.os.Binder@85978cb})/@0x9a3e8b9 sb=Rect(0, 0 - 1080, 2400) eb=Rect(0, 0 - 1080, 2400) d=0}]}
03-10 11:59:42.251   912   953 V WindowManagerShell:  Checking filter Pair{{types=[] flags=0x0] notFlags=0x0 checks=[{atype=dream independent=true modes=[OPEN,TO_FRONT] flags=NONE mustBeTask=false order=ANY topActivity=null},{atype=home independent=true modes=[CLOSE,TO_BACK] flags=NONE mustBeTask=false order=ANY topActivity=null}]} RemoteTransition { remoteTransition = android.window.IRemoteTransition$Stub$Proxy@f7e2f81, appThread = android.app.IApplicationThread$Stub$Proxy@9f9b826, debugName = LauncherToDream }}
03-10 11:59:42.251   912   953 V WindowManagerShell:  Checking filter Pair{{types=[] flags=0x0] notFlags=0x100 checks=[{atype=home independent=true modes=[OPEN,TO_FRONT] flags=NONE mustBeTask=false order=TOP topActivity=ComponentInfo{com.google.android.apps.nexuslauncher/com.google.android.apps.nexuslauncher.NexusLauncherActivity}},{atype=standard independent=true modes=[CLOSE,TO_BACK] flags=NONE mustBeTask=false order=ANY topActivity=null}]} RemoteTransition { remoteTransition = android.window.IRemoteTransition$Stub$Proxy@8d32c67, appThread = android.app.IApplicationThread$Stub$Proxy@81b7a14, debugName = QuickstepLaunchHome }}
03-10 11:59:42.251   912   953 V WindowManagerShell:  Delegate animation for #157 to null
03-10 11:59:42.251   912   953 V WindowManagerShell:  try handler com.android.wm.shell.transition.DefaultTransitionHandler@39dca11
03-10 11:59:42.251   912   953 V WindowManagerShell: start default transition animation, info = {id=157 t=CLOSE f=0x0 trk=0 r=[0@Point(0, 0)] c=[{WCT{android.window.IWindowContainerToken$Stub$Proxy@927d45f} m=CLOSE f=NONE leash=Surface(name=Task=73)/@0x8a18b03 sb=Rect(0, 0 - 1080, 2400) eb=Rect(0, 0 - 1080, 2400) d=0},{WCT{android.window.IWindowContainerToken$Stub$Proxy@9248eac} m=TO_FRONT f=SHOW_WALLPAPER leash=Surface(name=Task=1)/@0xc754a80 sb=Rect(0, 0 - 1080, 2400) eb=Rect(0, 0 - 1080, 2400) d=0},{null m=TO_FRONT f=IS_WALLPAPER leash=Surface(name=WallpaperWindowToken{8e878a8 token=android.os.Binder@85978cb})/@0x9a3e8b9 sb=Rect(0, 0 - 1080, 2400) eb=Rect(0, 0 - 1080, 2400) d=0}]}
03-10 11:59:42.251   912   953 V WindowManagerShell: loadAnimation: anim=android.view.animation.AnimationSet@286130a animAttr=0x10 type=CLOSE isEntrance=true
03-10 11:59:42.252   912   953 V WindowManagerShell: loadAnimation: anim=android.view.animation.AnimationSet@1acf5f1 animAttr=0x11 type=CLOSE isEntrance=false
03-10 11:59:42.273   557   576 V WindowManager: Sent Transition #157 createdAt=03-10 11:59:40.813 via request=TransitionRequestInfo { type = CLOSE, triggerTask = TaskInfo{userId=0 taskId=73 displayId=0 isRunning=false baseIntent=Intent { act=android.intent.action.MAIN cat=[android.intent.category.LAUNCHER] flg=0x10200000 cmp=com.anonymous.eoynxmobile/.MainActivity } baseActivity=null topActivity=null origActivity=null realActivity=ComponentInfo{com.anonymous.eoynxmobile/com.anonymous.eoynxmobile.MainActivity} numActivities=0 lastActiveTime=12671341 supportsMultiWindow=true resizeMode=1 isResizeable=true minWidth=-1 minHeight=-1 defaultMinSize=220 token=WCT{RemoteToken{15379e6 Task{ed2b2ba #73 type=standard A=10193:com.anonymous.eoynxmobile}}} topActivityType=1 pictureInPictureParams=null shouldDockBigOverlays=false launchIntoPipHostTaskId=-1 lastParentTaskIdBeforePip=-1 displayCutoutSafeInsets=null topActivityInfo=null launchCookies=[] positionInParent=Point(0, 0) parentTaskId=-1 isFocused=true isVisible=true isVisibleRequested=true isSleeping=false topActivityInSizeCompat=false topActivityEligibleForLetterboxEducation= false topActivityLetterboxed= false isFromDoubleTap= false topActivityLetterboxVerticalPosition= -1 topActivityLetterboxHorizontalPosition= -1 topActivityLetterboxWidth=-1 topActivityLetterboxHeight=-1 locusId=null displayAreaFeatureId=1 cameraCompatControlState=hidden}, remoteTransition = null, displayChange = null }
03-10 11:59:42.280   557   576 V WindowManager:     startWCT=WindowContainerTransaction { changes = {} hops = [] errorCallbackToken=null taskFragmentOrganizer=null }
03-10 11:59:42.280   557   576 V WindowManager:     info={id=157 t=CLOSE f=0x0 trk=0 r=[0@Point(0, 0)] c=[{WCT{RemoteToken{15379e6 Task{ed2b2ba #73 type=standard A=10193:com.anonymous.eoynxmobile}}} m=CLOSE f=NONE leash=Surface(name=Task=73)/@0x6eecb28 sb=Rect(0, 0 - 1080, 2400) eb=Rect(0, 0 - 1080, 2400) d=0},{WCT{RemoteToken{c98bd34 Task{9d08bf7 #1 type=home}}} m=TO_FRONT f=SHOW_WALLPAPER leash=Surface(name=Task=1)/@0x2cc0df sb=Rect(0, 0 - 1080, 2400) eb=Rect(0, 0 - 1080, 2400) d=0},{null m=TO_FRONT f=IS_WALLPAPER leash=Surface(name=WallpaperWindowToken{8e878a8 token=android.os.Binder@85978cb})/@0xe828f48 sb=Rect(0, 0 - 1080, 2400) eb=Rect(0, 0 - 1080, 2400) d=0}]}
03-10 11:59:42.280   557   572 W system_server: Long monitor contention with owner android.anim (580) at android.content.res.Configuration com.android.server.wm.ActivityTaskManagerService.getGlobalConfigurationForPid(int)(ActivityTaskManagerService.java:1133) waiters=1 in void com.android.server.wm.ActivityClientController.activityIdle(android.os.IBinder, android.content.res.Configuration, boolean) for 385ms
03-10 11:59:42.313   912   953 V WindowManagerShell:  animated by com.android.wm.shell.transition.DefaultTransitionHandler@39dca11
03-10 11:59:42.313   912   953 W Looper  : Slow dispatch took 82ms wmshell.main h=android.os.Handler c=com.android.wm.shell.transition.Transitions$TransitionPlayerImpl$$ExternalSyntheticLambda0@441f057 m=0
03-10 11:59:42.313   912   953 W Looper  : Slow delivery took 63ms wmshell.main h=android.os.Handler c=com.android.wm.shell.bubbles.BubbleController$BubblesImpl$$ExternalSyntheticLambda5@1980744 m=0
03-10 11:59:42.316  1909  3291 I OpenGLRenderer: Davey! duration=1163ms; Flags=1, FrameTimelineVsyncId=3598667, IntendedVsync=12787161822240, Vsync=12787561822224, InputEventId=0, HandleInputStart=12787580088953, AnimationStart=12787580089999, PerformTraversalsStart=12787580090172, DrawStart=12788254914434, FrameDeadline=12787178488906, FrameInterval=12787566460016, FrameStartTime=16666666, SyncQueued=12788255598094, SyncStart=12788369752266, IssueDrawCommandsStart=12788372214247, SwapBuffers=12788394372793, FrameCompleted=12788439021364, DequeueBufferDuration=3844, QueueBufferDuration=34108669, GpuCompleted=12788437714068, SwapBuffersCompleted=12788439021364, DisplayPresentTime=864701077679922298, CommandSubmissionCompleted=12788394372793, 
03-10 11:59:42.317  1909  1909 I A       : Created gRPC endpoint to "search" for service class com.google.android.apps.search.googleapp.search.suggest.plugins.onesearch.server.OneSearchSuggestService
03-10 11:59:42.348   557   974 I ImeTracker: com.google.android.apps.nexuslauncher:efb4d557: onRequestHide at ORIGIN_SERVER_HIDE_INPUT reason HIDE_UNSPECIFIED_WINDOW
03-10 11:59:42.348  1909  2748 W A       : Queue length for executor EventBus is now 11. Perhaps some tasks are too long, or the pool is too small.
03-10 11:59:42.348   557   974 I ImeTracker: com.google.android.apps.nexuslauncher:efb4d557: onCancelled at PHASE_SERVER_SHOULD_HIDE
03-10 11:59:42.366  1637  1637 I GoogleInputMethodService: GoogleInputMethodService.onFinishInput():3227 
03-10 11:59:42.382  1637  1637 I GoogleInputMethodService: GoogleInputMethodService.updateDeviceLockedStatus():2087 repeatCheckTimes = 0, unlocked = true
03-10 11:59:42.382  1637  1637 I GoogleInputMethodService: GoogleInputMethodService.onStartInput():1877 onStartInput(EditorInfo{inputType=0x0(NULL) imeOptions=0x0 privateImeOptions=null actionName=UNSPECIFIED actionLabel=null actionId=0 initialSelStart=-1 initialSelEnd=-1 initialCapsMode=0x0 hintText=null label=null packageName=com.google.android.apps.nexuslauncher fieldId=0 fieldName=null extras=null}, false)
03-10 11:59:42.382  1637  1637 I GoogleInputMethodService: GoogleInputMethodService.shouldHideHeaderOnInitialState():4008 ShouldHideHeaderOnInitialState = false
03-10 11:59:42.417  1637  1637 I GoogleInputMethodService: GoogleInputMethodService.updateDeviceLockedStatus():2087 repeatCheckTimes = 2, unlocked = true
03-10 11:59:42.445   912   959 W Looper  : Slow dispatch took 125ms wmshell.anim h=android.os.Handler c=com.android.wm.shell.transition.DefaultTransitionHandler$$ExternalSyntheticLambda1@28a002d m=0
03-10 11:59:42.503  1909  2731 W CorpusConfigHelper: Invalid input from icing corpus JSON flag.
03-10 11:59:42.503  1909  2731 W CorpusConfigHelper: android.util.MalformedJsonException: Use JsonReader.setLenient(true) to accept malformed JSON at line 123 column 2
03-10 11:59:42.503  1909  2731 W CorpusConfigHelper: 	at android.util.JsonReader.syntaxError(JsonReader.java:1162)
03-10 11:59:42.503  1909  2731 W CorpusConfigHelper: 	at android.util.JsonReader.checkLenient(JsonReader.java:840)
03-10 11:59:42.503  1909  2731 W CorpusConfigHelper: 	at android.util.JsonReader.nextInArray(JsonReader.java:615)
03-10 11:59:42.503  1909  2731 W CorpusConfigHelper: 	at android.util.JsonReader.peek(JsonReader.java:345)
03-10 11:59:42.503  1909  2731 W CorpusConfigHelper: 	at android.util.JsonReader.hasNext(JsonReader.java:321)
03-10 11:59:42.503  1909  2731 W CorpusConfigHelper: 	at com.google.android.apps.gsa.searchbox.c.b.b.k.c(PG:7)
03-10 11:59:42.503  1909  2731 W CorpusConfigHelper: 	at com.google.android.apps.gsa.searchbox.c.b.b.k.<init>(PG:5)
03-10 11:59:42.503  1909  2731 W CorpusConfigHelper: 	at com.google.android.apps.gsa.staticplugins.searchboxroot.features.n.a.c.<init>(PG:16)
03-10 11:59:42.503  1909  2731 W CorpusConfigHelper: 	at com.google.android.apps.gsa.staticplugins.searchboxroot.b.a(PG:14)
03-10 11:59:42.503  1909  2731 W CorpusConfigHelper: 	at com.google.android.apps.gsa.staticplugins.searchboxroot.x.<init>(PG:7)
03-10 11:59:42.503  1909  2731 W CorpusConfigHelper: 	at com.google.android.apps.gsa.binaries.velvet.app.akd.b(PG:15)
03-10 11:59:42.503  1909  2731 W CorpusConfigHelper: 	at dagger.a.e.b(PG:1)
03-10 11:59:42.503  1909  2731 W CorpusConfigHelper: 	at com.google.android.apps.gsa.staticplugins.searchboxroot.a.a.a(PG:3)
03-10 11:59:42.503  1909  2731 W CorpusConfigHelper: 	at com.google.android.apps.gsa.binaries.velvet.app.ok.f(Unknown Source:2541)
03-10 11:59:42.503  1909  2731 W CorpusConfigHelper: 	at com.google.android.apps.gsa.binaries.velvet.app.ok.b(PG:1)
03-10 11:59:42.503  1909  2731 W CorpusConfigHelper: 	at com.google.android.apps.gsa.search.core.service.g.a.c.a(PG:2)
03-10 11:59:42.503  1909  2731 W CorpusConfigHelper: 	at com.google.android.libraries.gsa.k.a.f.a(PG:2)
03-10 11:59:42.503  1909  2731 W CorpusConfigHelper: 	at com.google.common.util.concurrent.dx.a(PG:1)
03-10 11:59:42.503  1909  2731 W CorpusConfigHelper: 	at com.google.common.util.concurrent.cv.run(PG:4)
03-10 11:59:42.503  1909  2731 W CorpusConfigHelper: 	at com.google.common.util.concurrent.dz.run(PG:1)
03-10 11:59:42.503  1909  2731 W CorpusConfigHelper: 	at com.google.android.libraries.i.ae.run(PG:1)
03-10 11:59:42.503  1909  2731 W CorpusConfigHelper: 	at java.util.concurrent.ThreadPoolExecutor.runWorker(ThreadPoolExecutor.java:1145)
03-10 11:59:42.503  1909  2731 W CorpusConfigHelper: 	at java.util.concurrent.ThreadPoolExecutor$Worker.run(ThreadPoolExecutor.java:644)
03-10 11:59:42.503  1909  2731 W CorpusConfigHelper: 	at com.google.android.libraries.i.k.run(PG:2)
03-10 11:59:42.503  1909  2731 W CorpusConfigHelper: 	at com.google.android.libraries.i.p.run(PG:4)
03-10 11:59:42.503  1909  2731 W CorpusConfigHelper: 	at java.lang.Thread.run(Thread.java:1012)
03-10 11:59:42.505   557   580 W WindowManager: Failed to deliver inset control state change to w=Window{bd8cfe9 u0 com.anonymous.eoynxmobile/com.anonymous.eoynxmobile.MainActivity EXITING}
03-10 11:59:42.505   557   580 W WindowManager: android.os.DeadObjectException
03-10 11:59:42.505   557   580 W WindowManager: 	at android.os.BinderProxy.transactNative(Native Method)
03-10 11:59:42.505   557   580 W WindowManager: 	at android.os.BinderProxy.transact(BinderProxy.java:584)
03-10 11:59:42.505   557   580 W WindowManager: 	at android.view.IWindow$Stub$Proxy.insetsControlChanged(IWindow.java:479)
03-10 11:59:42.505   557   580 W WindowManager: 	at com.android.server.wm.WindowState.notifyInsetsControlChanged(WindowState.java:3802)
03-10 11:59:42.505   557   580 W WindowManager: 	at com.android.server.wm.InsetsStateController.lambda$notifyPendingInsetsControlChanged$3(InsetsStateController.java:343)
03-10 11:59:42.505   557   580 W WindowManager: 	at com.android.server.wm.InsetsStateController.$r8$lambda$8yykPRG1GyNq_J17QvL9d5xANMc(InsetsStateController.java:0)
03-10 11:59:42.505   557   580 W WindowManager: 	at com.android.server.wm.InsetsStateController$$ExternalSyntheticLambda2.run(R8$$SyntheticClass:0)
03-10 11:59:42.505   557   580 W WindowManager: 	at com.android.server.wm.WindowAnimator.executeAfterPrepareSurfacesRunnables(WindowAnimator.java:294)
03-10 11:59:42.505   557   580 W WindowManager: 	at com.android.server.wm.RootWindowContainer.performSurfacePlacementNoTrace(RootWindowContainer.java:811)
03-10 11:59:42.505   557   580 W WindowManager: 	at com.android.server.wm.RootWindowContainer.performSurfacePlacement(RootWindowContainer.java:756)
03-10 11:59:42.505   557   580 W WindowManager: 	at com.android.server.wm.WindowSurfacePlacer.performSurfacePlacementLoop(WindowSurfacePlacer.java:177)
03-10 11:59:42.505   557   580 W WindowManager: 	at com.android.server.wm.WindowSurfacePlacer.performSurfacePlacement(WindowSurfacePlacer.java:126)
03-10 11:59:42.505   557   580 W WindowManager: 	at com.android.server.wm.WindowSurfacePlacer.performSurfacePlacement(WindowSurfacePlacer.java:115)
03-10 11:59:42.505   557   580 W WindowManager: 	at com.android.server.wm.WindowSurfacePlacer$Traverser.run(WindowSurfacePlacer.java:57)
03-10 11:59:42.505   557   580 W WindowManager: 	at android.os.Handler.handleCallback(Handler.java:958)
03-10 11:59:42.505   557   580 W WindowManager: 	at android.os.Handler.dispatchMessage(Handler.java:99)
03-10 11:59:42.505   557   580 W WindowManager: 	at android.os.Looper.loopOnce(Looper.java:205)
03-10 11:59:42.505   557   580 W WindowManager: 	at android.os.Looper.loop(Looper.java:294)
03-10 11:59:42.505   557   580 W WindowManager: 	at android.os.HandlerThread.run(HandlerThread.java:67)
03-10 11:59:42.505   557   580 W WindowManager: 	at com.android.server.ServiceThread.run(ServiceThread.java:46)
03-10 11:59:42.516   912   953 W Looper  : Drained
03-10 11:59:42.517   912   959 W Looper  : Slow dispatch took 72ms wmshell.anim h=android.view.Choreographer$FrameHandler c=android.view.Choreographer$FrameDisplayEventReceiver@eec457e m=0
03-10 11:59:42.560  1909  3051 I A       : Using proto config with mendel
03-10 11:59:42.581  1909  3051 I A       : Using proto config with mendel
03-10 11:59:42.589  1909  3051 I A       : Using proto config with mendel
03-10 11:59:42.627 26991 26991 D nativeloader: InitDefaultPublicLibraries for_preload=1: libandroid.so:libaaudio.so:libamidi.so:libbinder_ndk.so:libc.so:libcamera2ndk.so:libdl.so:libEGL.so:libGLESv1_CM.so:libGLESv2.so:libGLESv3.so:libicu.so:libicui18n.so:libicuuc.so:libjnigraphics.so:liblog.so:libmediandk.so:libm.so:libnativehelper.so:libnativewindow.so:libOpenMAXAL.so:libOpenSLES.so:libRS.so:libstdc++.so:libsync.so:libvulkan.so:libwebviewchromium_plat_support.so:libz.so
03-10 11:59:42.628  1909  3051 I A       : Using proto config with mendel
03-10 11:59:42.640   912   959 W Looper  : Slow dispatch took 35ms wmshell.anim h=android.view.Choreographer$FrameHandler c=android.view.Choreographer$FrameDisplayEventReceiver@eec457e m=0
03-10 11:59:42.668 26991 26991 D app_process: Time zone APEX ICU file found: /apex/com.android.tzdata/etc/icu/icu_tzdata.dat
03-10 11:59:42.668 26991 26991 D app_process: I18n APEX ICU file found: /apex/com.android.i18n/etc/icu/icudt72l.dat
03-10 11:59:42.680 26991 26991 W app_process: Unexpected CPU variant for x86: x86_64.
03-10 11:59:42.680 26991 26991 W app_process: Known variants: atom, sandybridge, silvermont, goldmont, goldmont-plus, tremont, kabylake, default
03-10 11:59:42.713   557  2530 D ActivityManager: sync unfroze 24825 com.google.android.gms for 6
03-10 11:59:42.714  1909  3051 I A       : Using proto config with mendel
03-10 11:59:42.714  1909  3051 I A       : Merging legacy hotword config map with new proto.
03-10 11:59:42.715  1909  3051 I A       : Adding from config to map. Locale: cmn-Hant-TW modelPrefix: x_google Location:4e7cae00daee30ec565c34e3aa67a51f isSpeakerIdSupported: true
03-10 11:59:42.715  1909  3051 I A       : Adding from config to map. Locale: id-ID modelPrefix: x_google Location:cfffcc1a4c1c084c003c8eb27f73d770 isSpeakerIdSupported: true
03-10 11:59:42.715  1909  3051 I A       : Adding from config to map. Locale: ko-KR modelPrefix: x_google Location:0b132163a2eb2c1194b202067475724b isSpeakerIdSupported: true
03-10 11:59:42.715  1909  3051 I A       : Skipping. Expected model: 2 Found: 1
03-10 11:59:42.715  1909  3051 I A       : Adding from config to map. Locale: zh-TW modelPrefix: x_google Location:4e7cae00daee30ec565c34e3aa67a51f isSpeakerIdSupported: true
03-10 11:59:42.715  1909  3051 I A       : Using proto config with mendel
03-10 11:59:42.715  1909  3051 I A       : Using proto config with mendel
03-10 11:59:42.715  1909  3051 I A       : Using proto config with mendel
03-10 11:59:42.769   912   959 W Looper  : Slow dispatch took 84ms wmshell.anim h=android.view.Choreographer$FrameHandler c=android.view.Choreographer$FrameDisplayEventReceiver@eec457e m=0
03-10 11:59:42.790   912   953 V WindowManagerShell: Transition animation finished (aborted=false), notifying core (#157)android.os.BinderProxy@cf85f67@0
03-10 11:59:42.812   557  2530 W WindowManager: Exception thrown during dispatchAppVisibility Window{3da6a34 u0 PopupWindow:ad345a0 EXITING}
03-10 11:59:42.812   557  2530 W WindowManager: android.os.DeadObjectException
03-10 11:59:42.812   557  2530 W WindowManager: 	at android.os.BinderProxy.transactNative(Native Method)
03-10 11:59:42.812   557  2530 W WindowManager: 	at android.os.BinderProxy.transact(BinderProxy.java:584)
03-10 11:59:42.812   557  2530 W WindowManager: 	at android.view.IWindow$Stub$Proxy.dispatchAppVisibility(IWindow.java:546)
03-10 11:59:42.812   557  2530 W WindowManager: 	at com.android.server.wm.WindowState.sendAppVisibilityToClients(WindowState.java:3271)
03-10 11:59:42.812   557  2530 W WindowManager: 	at com.android.server.wm.WindowContainer.sendAppVisibilityToClients(WindowContainer.java:1221)
03-10 11:59:42.812   557  2530 W WindowManager: 	at com.android.server.wm.WindowState.sendAppVisibilityToClients(WindowState.java:3258)
03-10 11:59:42.812   557  2530 W WindowManager: 	at com.android.server.wm.WindowContainer.sendAppVisibilityToClients(WindowContainer.java:1221)
03-10 11:59:42.812   557  2530 W WindowManager: 	at com.android.server.wm.WindowToken.setClientVisible(WindowToken.java:409)
03-10 11:59:42.812   557  2530 W WindowManager: 	at com.android.server.wm.ActivityRecord.setClientVisible(ActivityRecord.java:6946)
03-10 11:59:42.812   557  2530 W WindowManager: 	at com.android.server.wm.ActivityRecord.postApplyAnimation(ActivityRecord.java:5637)
03-10 11:59:42.812   557  2530 W WindowManager: 	at com.android.server.wm.ActivityRecord.commitVisibility(ActivityRecord.java:5580)
03-10 11:59:42.812   557  2530 W WindowManager: 	at com.android.server.wm.Transition.finishTransition(Transition.java:1151)
03-10 11:59:42.812   557  2530 W WindowManager: 	at com.android.server.wm.TransitionController.finishTransition(TransitionController.java:868)
03-10 11:59:42.812   557  2530 W WindowManager: 	at com.android.server.wm.WindowOrganizerController.finishTransition(WindowOrganizerController.java:396)
03-10 11:59:42.812   557  2530 W WindowManager: 	at android.window.IWindowOrganizerController$Stub.onTransact(IWindowOrganizerController.java:286)
03-10 11:59:42.812   557  2530 W WindowManager: 	at com.android.server.wm.WindowOrganizerController.onTransact(WindowOrganizerController.java:181)
03-10 11:59:42.812   557  2530 W WindowManager: 	at android.os.Binder.execTransactInternal(Binder.java:1339)
03-10 11:59:42.812   557  2530 W WindowManager: 	at android.os.Binder.execTransact(Binder.java:1275)
03-10 11:59:42.812   557  2530 I Process : Sending signal. PID: 26918 SIG: 9
03-10 11:59:42.812   557  2530 W WindowManager: Exception thrown during dispatchAppVisibility Window{bd8cfe9 u0 com.anonymous.eoynxmobile/com.anonymous.eoynxmobile.MainActivity EXITING}
03-10 11:59:42.812   557  2530 W WindowManager: android.os.DeadObjectException
03-10 11:59:42.812   557  2530 W WindowManager: 	at android.os.BinderProxy.transactNative(Native Method)
03-10 11:59:42.812   557  2530 W WindowManager: 	at android.os.BinderProxy.transact(BinderProxy.java:584)
03-10 11:59:42.812   557  2530 W WindowManager: 	at android.view.IWindow$Stub$Proxy.dispatchAppVisibility(IWindow.java:546)
03-10 11:59:42.812   557  2530 W WindowManager: 	at com.android.server.wm.WindowState.sendAppVisibilityToClients(WindowState.java:3271)
03-10 11:59:42.812   557  2530 W WindowManager: 	at com.android.server.wm.WindowContainer.sendAppVisibilityToClients(WindowContainer.java:1221)
03-10 11:59:42.812   557  2530 W WindowManager: 	at com.android.server.wm.WindowToken.setClientVisible(WindowToken.java:409)
03-10 11:59:42.812   557  2530 W WindowManager: 	at com.android.server.wm.ActivityRecord.setClientVisible(ActivityRecord.java:6946)
03-10 11:59:42.812   557  2530 W WindowManager: 	at com.android.server.wm.ActivityRecord.postApplyAnimation(ActivityRecord.java:5637)
03-10 11:59:42.812   557  2530 W WindowManager: 	at com.android.server.wm.ActivityRecord.commitVisibility(ActivityRecord.java:5580)
03-10 11:59:42.812   557  2530 W WindowManager: 	at com.android.server.wm.Transition.finishTransition(Transition.java:1151)
03-10 11:59:42.812   557  2530 W WindowManager: 	at com.android.server.wm.TransitionController.finishTransition(TransitionController.java:868)
03-10 11:59:42.812   557  2530 W WindowManager: 	at com.android.server.wm.WindowOrganizerController.finishTransition(WindowOrganizerController.java:396)
03-10 11:59:42.812   557  2530 W WindowManager: 	at android.window.IWindowOrganizerController$Stub.onTransact(IWindowOrganizerController.java:286)
03-10 11:59:42.812   557  2530 W WindowManager: 	at com.android.server.wm.WindowOrganizerController.onTransact(WindowOrganizerController.java:181)
03-10 11:59:42.812   557  2530 W WindowManager: 	at android.os.Binder.execTransactInternal(Binder.java:1339)
03-10 11:59:42.812   557  2530 W WindowManager: 	at android.os.Binder.execTransact(Binder.java:1275)
03-10 11:59:42.812   557  2530 I Process : Sending signal. PID: 26918 SIG: 9
03-10 11:59:42.833   557   576 V WindowManager: Finish Transition #157: created at 03-10 11:59:40.813 collect-started=0.032ms request-sent=0.216ms started=187.399ms ready=187.385ms sent=1400.072ms finished=1998.584ms
03-10 11:59:42.861 26991 26991 W libc    : Access denied finding property "ro.product.name_for_attestation"
03-10 11:59:42.861 26991 26991 W libc    : Access denied finding property "ro.product.brand_for_attestation"
03-10 11:59:42.861 26991 26991 W libc    : Access denied finding property "ro.product.model_for_attestation"
03-10 11:59:42.864 26991 26991 D AndroidRuntime: Calling main entry com.android.commands.monkey.Monkey
03-10 11:59:42.865 26991 26991 W Monkey  : args: [-p, com.anonymous.eoynxmobile, -c, android.intent.category.LAUNCHER, 1]
03-10 11:59:42.866 26991 26991 W Monkey  :  arg: "-p"
03-10 11:59:42.866 26991 26991 W Monkey  :  arg: "com.anonymous.eoynxmobile"
03-10 11:59:42.866 26991 26991 W Monkey  :  arg: "-c"
03-10 11:59:42.866 26991 26991 W Monkey  :  arg: "android.intent.category.LAUNCHER"
03-10 11:59:42.866 26991 26991 W Monkey  :  arg: "1"
03-10 11:59:42.866 26991 26991 W Monkey  : data="com.anonymous.eoynxmobile"
03-10 11:59:42.866 26991 26991 W Monkey  : data="android.intent.category.LAUNCHER"
03-10 11:59:42.900  1194  1210 I s.nexuslauncher: NativeAlloc concurrent copying GC freed 38179(4284KB) AllocSpace objects, 4(80KB) LOS objects, 49% free, 5994KB/11MB, paused 29us,13us total 603.303ms
03-10 11:59:43.003   557   579 W ActivityManager: setHasOverlayUi called on unknown pid: 26918
03-10 11:59:42.851 26991 26991 W main    : type=1400 audit(0.0:552): avc:  denied  { read } for  name="u:object_r:build_attestation_prop:s0" dev="tmpfs" ino=86 scontext=u:r:shell:s0 tcontext=u:object_r:build_attestation_prop:s0 tclass=file permissive=0
03-10 11:59:43.055   912   953 V WindowManagerShell: Track 0 became idle
03-10 11:59:43.055   912   953 V WindowManagerShell: All active transition animations finished
03-10 11:59:43.055   912   953 W Looper  : Slow dispatch took 287ms wmshell.main h=android.os.Handler c=com.android.wm.shell.transition.DefaultTransitionHandler$$ExternalSyntheticLambda0@b053b0 m=0
03-10 11:59:43.055   912   953 W Looper  : Slow delivery took 216ms wmshell.main h=android.os.Handler c=android.window.TaskOrganizer$1$$ExternalSyntheticLambda3@eb37229 m=0
03-10 11:59:43.090   557  2542 W ActivityManager: registerReceiverWithFeature: no app for null
03-10 11:59:43.095 26991 26991 W System  : No Compatibility callbacks set! Querying change 263076149
03-10 11:59:43.095 26991 26991 W System  : No Compatibility callbacks set! Querying change 263076149
03-10 11:59:43.095 26991 26991 W System  : No Compatibility callbacks set! Querying change 263076149
03-10 11:59:43.144   432   432 E BpTransactionCompletedListener: Failed to transact (-32)
03-10 11:59:43.144   432   432 E BpTransactionCompletedListener: Failed to transact (-32)
03-10 11:59:42.859 26991 26991 W main    : type=1400 audit(0.0:553): avc:  denied  { read } for  name="u:object_r:build_attestation_prop:s0" dev="tmpfs" ino=86 scontext=u:r:shell:s0 tcontext=u:object_r:build_attestation_prop:s0 tclass=file permissive=0
03-10 11:59:43.175   912   976 D EGL_emulation: app_time_stats: avg=21510.12ms min=456.74ms max=42563.48ms count=2
03-10 11:59:43.182   912   953 W Looper  : Drained
03-10 11:59:43.216   557  1265 D CompatibilityChangeReporter: Compat change id reported: 161252188; UID 10193; state: DISABLED
03-10 11:59:43.216   557  1265 W ActivityTaskManager: callingPackage for (uid=2000, pid=26991) has no WPC
03-10 11:59:43.217   557  1265 D CompatibilityChangeReporter: Compat change id reported: 265464455; UID 10193; state: DISABLED
03-10 11:59:43.217   557  1265 D CompatibilityChangeReporter: Compat change id reported: 265452344; UID 10193; state: DISABLED
03-10 11:59:43.217   557  1265 D CompatibilityChangeReporter: Compat change id reported: 266124927; UID 10193; state: DISABLED
03-10 11:59:43.219   557  1265 D CompatibilityChangeReporter: Compat change id reported: 265451093; UID 10193; state: DISABLED
03-10 11:59:43.219   557  1265 D CompatibilityChangeReporter: Compat change id reported: 265456536; UID 10193; state: DISABLED
03-10 11:59:43.219   557  1265 D CompatibilityChangeReporter: Compat change id reported: 255940284; UID 10193; state: DISABLED
03-10 11:59:43.219   557  1265 D CompatibilityChangeReporter: Compat change id reported: 236283604; UID 10193; state: DISABLED
03-10 11:59:43.219   557  1265 D CompatibilityChangeReporter: Compat change id reported: 263959004; UID 10193; state: DISABLED
03-10 11:59:43.219   557  1265 D CompatibilityChangeReporter: Compat change id reported: 264304459; UID 10193; state: DISABLED
03-10 11:59:43.219   557  1265 D CompatibilityChangeReporter: Compat change id reported: 264301586; UID 10193; state: DISABLED
03-10 11:59:43.219   557  1265 D CompatibilityChangeReporter: Compat change id reported: 254631730; UID 10193; state: DISABLED
03-10 11:59:43.219   557  1265 D CompatibilityChangeReporter: Compat change id reported: 273509367; UID 10193; state: DISABLED
03-10 11:59:43.219   557  1265 D CompatibilityChangeReporter: Compat change id reported: 263259275; UID 10193; state: DISABLED
03-10 11:59:43.219   557  1265 D CompatibilityChangeReporter: Compat change id reported: 174042980; UID 10193; state: DISABLED
03-10 11:59:43.219   557  1265 D CompatibilityChangeReporter: Compat change id reported: 174042936; UID 10193; state: DISABLED
03-10 11:59:43.219   557  1265 D CompatibilityChangeReporter: Compat change id reported: 181136395; UID 10193; state: DISABLED
03-10 11:59:43.220   557  1265 D CompatibilityChangeReporter: Compat change id reported: 194480991; UID 10193; state: ENABLED
03-10 11:59:43.228   557  1265 D CompatibilityChangeReporter: Compat change id reported: 184838306; UID 10193; state: DISABLED
03-10 11:59:43.228   557  1265 D CompatibilityChangeReporter: Compat change id reported: 185004937; UID 10193; state: DISABLED
03-10 11:59:43.229   557  1265 D CompatibilityChangeReporter: Compat change id reported: 197654537; UID 10193; state: ENABLED
03-10 11:59:43.252  1194  1194 D SearchTargetUtil:  query= size=30
03-10 11:59:43.252  1194  1194 D SearchTargetUtil: layoutType=short_icon_row resultType=131072 packageName=com.google.android.googlequicksearchbox extras=Bundle{suggestion_type=36,suggest_truncate_start=false,is_answer=false,is_entity=false,is_personal=true,suggest_raw_text=원격데스크톱,group_id=web818569,response_id=beb19de2-f798-44e9-8df5-163adc40c76f,support_query_builder=true,} searchAction=원격데스크톱 searchActionExtras=Bundle{learn_more_url=https://support.google.com/websearch/?p=delete_recent_history&hl=en,suggestion_action_text=Delete,should_start_for_result=true,allow_pinning=true,skip_logging_in_target_handler=false,suggestion_action_rpc=1,}ParentID: null targetID: f81574e1-cac8-48e0-b4b5-f6513d94cb48
03-10 11:59:43.252  1194  1194 D SearchTargetUtil: layoutType=short_icon_row resultType=131072 packageName=com.google.android.googlequicksearchbox extras=Bundle{suggestion_type=36,suggest_truncate_start=false,is_answer=false,is_entity=false,is_personal=true,suggest_raw_text=wpalskdl,group_id=web818569,response_id=beb19de2-f798-44e9-8df5-163adc40c76f,support_query_builder=true,} searchAction=wpalskdl searchActionExtras=Bundle{learn_more_url=https://support.google.com/websearch/?p=delete_recent_history&hl=en,suggestion_action_text=Delete,should_start_for_result=true,allow_pinning=true,skip_logging_in_target_handler=false,suggestion_action_rpc=1,}ParentID: null targetID: 816831d2-3385-4d0b-9183-534ab36b1023
03-10 11:59:43.252  1194  1194 D SearchTargetUtil: layoutType=short_icon_row resultType=131072 packageName=com.google.android.googlequicksearchbox extras=Bundle{suggestion_type=36,suggest_truncate_start=false,is_answer=false,is_entity=false,is_personal=true,suggest_raw_text=gpt,group_id=web818569,response_id=beb19de2-f798-44e9-8df5-163adc40c76f,support_query_builder=true,} searchAction=gpt searchActionExtras=Bundle{learn_more_url=https://support.google.com/websearch/?p=delete_recent_history&hl=en,suggestion_action_text=Delete,should_start_for_result=true,allow_pinning=true,skip_logging_in_target_handler=false,suggestion_action_rpc=1,}ParentID: null targetID: fd2de77a-a4fa-4fa8-a405-3af71d440978
03-10 11:59:43.252  1194  1194 D SearchTargetUtil: layoutType=short_icon_row resultType=131072 packageName=com.google.android.googlequicksearchbox extras=Bundle{suggestion_type=36,suggest_truncate_start=false,is_answer=false,is_entity=false,is_personal=true,suggest_raw_text=서치콘솔,group_id=web818569,response_id=beb19de2-f798-44e9-8df5-163adc40c76f,support_query_builder=true,} searchAction=서치콘솔 searchActionExtras=Bundle{learn_more_url=https://support.google.com/websearch/?p=delete_recent_history&hl=en,suggestion_action_text=Delete,should_start_for_result=true,allow_pinning=true,skip_logging_in_target_handler=false,suggestion_action_rpc=1,}ParentID: null targetID: c3528efd-e649-4c3a-947f-152b4cdc614b
03-10 11:59:43.252  1194  1194 D SearchTargetUtil: layoutType=short_icon_row resultType=131072 packageName=com.google.android.googlequicksearchbox extras=Bundle{suggestion_type=36,suggest_truncate_start=false,is_answer=false,is_entity=false,is_personal=true,suggest_raw_text=github,group_id=web818569,response_id=beb19de2-f798-44e9-8df5-163adc40c76f,support_query_builder=true,} searchAction=github searchActionExtras=Bundle{learn_more_url=https://support.google.com/websearch/?p=delete_recent_history&hl=en,suggestion_action_text=Delete,should_start_for_result=true,allow_pinning=true,skip_logging_in_target_handler=false,suggestion_action_rpc=1,}ParentID: null targetID: 810cd39e-ee06-4b4b-8318-6219398c3215
03-10 11:59:43.252  1194  1194 D SearchTargetUtil: layoutType=short_icon_row resultType=131072 packageName=com.google.android.googlequicksearchbox extras=Bundle{suggestion_type=36,suggest_truncate_start=false,is_answer=false,is_entity=false,is_personal=true,suggest_raw_text=클루드,group_id=web818569,response_id=beb19de2-f798-44e9-8df5-163adc40c76f,support_query_builder=true,} searchAction=클루드 searchActionExtras=Bundle{learn_more_url=https://support.google.com/websearch/?p=delete_recent_history&hl=en,suggestion_action_text=Delete,should_start_for_result=true,allow_pinning=true,skip_logging_in_target_handler=false,suggestion_action_rpc=1,}ParentID: null targetID: d134680a-9633-4e04-9b7b-a7699ad2caa6
03-10 11:59:43.253  1194  1194 D SearchTargetUtil: layoutType=short_icon_row resultType=131072 packageName=com.google.android.googlequicksearchbox extras=Bundle{suggestion_type=36,suggest_truncate_start=false,is_answer=false,is_entity=false,is_personal=true,suggest_raw_text=네이버,group_id=web818569,response_id=beb19de2-f798-44e9-8df5-163adc40c76f,support_query_builder=true,} searchAction=네이버 searchActionExtras=Bundle{learn_more_url=https://support.google.com/websearch/?p=delete_recent_history&hl=en,suggestion_action_text=Delete,should_start_for_result=true,allow_pinning=true,skip_logging_in_target_handler=false,suggestion_action_rpc=1,}ParentID: null targetID: b28468cd-b043-479d-a918-e598a936d29d
03-10 11:59:43.253  1194  1194 D SearchTargetUtil: layoutType=short_icon_row resultType=131072 packageName=com.google.android.googlequicksearchbox extras=Bundle{suggestion_type=36,suggest_truncate_start=false,is_answer=false,is_entity=false,is_personal=true,suggest_raw_text=제미나이,group_id=web818569,response_id=beb19de2-f798-44e9-8df5-163adc40c76f,support_query_builder=true,} searchAction=제미나이 searchActionExtras=Bundle{learn_more_url=https://support.google.com/websearch/?p=delete_recent_history&hl=en,suggestion_action_text=Delete,should_start_for_result=true,allow_pinning=true,skip_logging_in_target_handler=false,suggestion_action_rpc=1,}ParentID: null targetID: a7eeee0f-ca8f-4380-abea-2a1b908205aa
03-10 11:59:43.253  1194  1194 D SearchTargetUtil: layoutType=short_icon_row resultType=131072 packageName=com.google.android.googlequicksearchbox extras=Bundle{suggestion_type=36,suggest_truncate_start=false,is_answer=false,is_entity=false,is_personal=true,suggest_raw_text=telegram,group_id=web818569,response_id=beb19de2-f798-44e9-8df5-163adc40c76f,support_query_builder=true,} searchAction=telegram searchActionExtras=Bundle{learn_more_url=https://support.google.com/websearch/?p=delete_recent_history&hl=en,suggestion_action_text=Delete,should_start_for_result=true,allow_pinning=true,skip_logging_in_target_handler=false,suggestion_action_rpc=1,}ParentID: null targetID: 7c150cca-d9eb-4600-ad59-bb77ba466f6e
