03-10 11:59:43.253  1194  1194 D SearchTargetUtil: layoutType=short_icon_row resultType=131072 packageName=com.google.android.googlequicksearchbox extras=Bundle{suggestion_type=36,suggest_truncate_start=false,is_answer=false,is_entity=false,is_personal=true,suggest_raw_text=apple developer program,group_id=web818569,response_id=beb19de2-f798-44e9-8df5-163adc40c76f,support_query_builder=true,} searchAction=apple developer program searchActionExtras=Bundle{learn_more_url=https://support.google.com/websearch/?p=delete_recent_history&hl=en,suggestion_action_text=Delete,should_start_for_result=true,allow_pinning=true,skip_logging_in_target_handler=false,suggestion_action_rpc=1,}ParentID: null targetID: 3343ecfe-c4c2-473f-b237-1da224ecb8ea
03-10 11:59:43.253  1194  1194 D SearchTargetUtil: layoutType=short_icon_row resultType=131072 packageName=com.google.android.googlequicksearchbox extras=Bundle{suggestion_type=36,suggest_truncate_start=false,is_answer=false,is_entity=false,is_personal=true,suggest_raw_text=텔레그램,group_id=web818569,response_id=beb19de2-f798-44e9-8df5-163adc40c76f,support_query_builder=true,} searchAction=텔레그램 searchActionExtras=Bundle{learn_more_url=https://support.google.com/websearch/?p=delete_recent_history&hl=en,suggestion_action_text=Delete,should_start_for_result=true,allow_pinning=true,skip_logging_in_target_handler=false,suggestion_action_rpc=1,}ParentID: null targetID: 3422ab03-4fce-4af5-bb49-74314d74875b
03-10 11:59:43.253  1194  1194 D SearchTargetUtil: layoutType=short_icon_row resultType=131072 packageName=com.google.android.googlequicksearchbox extras=Bundle{suggestion_type=36,suggest_truncate_start=false,is_answer=false,is_entity=false,is_personal=true,suggest_raw_text=클로드,group_id=web818569,response_id=beb19de2-f798-44e9-8df5-163adc40c76f,support_query_builder=true,} searchAction=클로드 searchActionExtras=Bundle{learn_more_url=https://support.google.com/websearch/?p=delete_recent_history&hl=en,suggestion_action_text=Delete,should_start_for_result=true,allow_pinning=true,skip_logging_in_target_handler=false,suggestion_action_rpc=1,}ParentID: null targetID: 8e3405a8-5ece-4ed2-9537-802e51f73773
03-10 11:59:43.253  1194  1194 D SearchTargetUtil: layoutType=short_icon_row resultType=131072 packageName=com.google.android.googlequicksearchbox extras=Bundle{suggestion_type=36,suggest_truncate_start=false,is_answer=false,is_entity=false,is_personal=true,suggest_raw_text=gemini api,group_id=web818569,response_id=beb19de2-f798-44e9-8df5-163adc40c76f,support_query_builder=true,} searchAction=gemini api searchActionExtras=Bundle{learn_more_url=https://support.google.com/websearch/?p=delete_recent_history&hl=en,suggestion_action_text=Delete,should_start_for_result=true,allow_pinning=true,skip_logging_in_target_handler=false,suggestion_action_rpc=1,}ParentID: null targetID: 79e866e6-305a-45dd-b370-ba11f194ceaf
03-10 11:59:43.253  1194  1194 D SearchTargetUtil: layoutType=short_icon_row resultType=131072 packageName=com.google.android.googlequicksearchbox extras=Bundle{suggestion_type=36,suggest_truncate_start=false,is_answer=false,is_entity=false,is_personal=true,suggest_raw_text=카카오 i 오픈빌더,group_id=web818569,response_id=beb19de2-f798-44e9-8df5-163adc40c76f,support_query_builder=true,} searchAction=카카오 i 오픈빌더 searchActionExtras=Bundle{learn_more_url=https://support.google.com/websearch/?p=delete_recent_history&hl=en,suggestion_action_text=Delete,should_start_for_result=true,allow_pinning=true,skip_logging_in_target_handler=false,suggestion_action_rpc=1,}ParentID: null targetID: 7ad564ec-58b1-4f8f-9c9d-54e885bef361
03-10 11:59:43.253  1194  1194 D SearchTargetUtil: layoutType=short_icon_row resultType=131072 packageName=com.google.android.googlequicksearchbox extras=Bundle{suggestion_type=36,suggest_truncate_start=false,is_answer=false,is_entity=false,is_personal=true,suggest_raw_text=구글 렌즈 api,group_id=web818569,response_id=beb19de2-f798-44e9-8df5-163adc40c76f,support_query_builder=true,} searchAction=구글 렌즈 api searchActionExtras=Bundle{learn_more_url=https://support.google.com/websearch/?p=delete_recent_history&hl=en,suggestion_action_text=Delete,should_start_for_result=true,allow_pinning=true,skip_logging_in_target_handler=false,suggestion_action_rpc=1,}ParentID: null targetID: 4e26611a-4cc6-49eb-84ba-58098f889485
03-10 11:59:43.253  1194  1194 D SearchTargetUtil: layoutType=short_icon_row resultType=131072 packageName=com.google.android.googlequicksearchbox extras=Bundle{suggestion_type=36,suggest_truncate_start=false,is_answer=false,is_entity=false,is_personal=true,suggest_raw_text=chatgpt codex dashboard,group_id=web818569,response_id=beb19de2-f798-44e9-8df5-163adc40c76f,support_query_builder=true,} searchAction=chatgpt codex dashboard searchActionExtras=Bundle{learn_more_url=https://support.google.com/websearch/?p=delete_recent_history&hl=en,suggestion_action_text=Delete,should_start_for_result=true,allow_pinning=true,skip_logging_in_target_handler=false,suggestion_action_rpc=1,}ParentID: null targetID: 26eeb027-a221-4829-8014-d56f05a53f0d
03-10 11:59:43.253  1194  1194 D SearchTargetUtil: layoutType=short_icon_row resultType=131072 packageName=com.google.android.googlequicksearchbox extras=Bundle{suggestion_type=36,suggest_truncate_start=false,is_answer=false,is_entity=false,is_personal=true,suggest_raw_text=discord,group_id=web818569,response_id=beb19de2-f798-44e9-8df5-163adc40c76f,support_query_builder=true,} searchAction=discord searchActionExtras=Bundle{learn_more_url=https://support.google.com/websearch/?p=delete_recent_history&hl=en,suggestion_action_text=Delete,should_start_for_result=true,allow_pinning=true,skip_logging_in_target_handler=false,suggestion_action_rpc=1,}ParentID: null targetID: fa9beb5d-78f3-4f15-bf26-b3cd9d251e51
03-10 11:59:43.253  1194  1194 D SearchTargetUtil: layoutType=short_icon_row resultType=131072 packageName=com.google.android.googlequicksearchbox extras=Bundle{suggestion_type=36,suggest_truncate_start=false,is_answer=false,is_entity=false,is_personal=true,suggest_raw_text=gemini,group_id=web818569,response_id=beb19de2-f798-44e9-8df5-163adc40c76f,support_query_builder=true,} searchAction=gemini searchActionExtras=Bundle{learn_more_url=https://support.google.com/websearch/?p=delete_recent_history&hl=en,suggestion_action_text=Delete,should_start_for_result=true,allow_pinning=true,skip_logging_in_target_handler=false,suggestion_action_rpc=1,}ParentID: null targetID: 1975487d-5faf-4d83-b1e7-6043cf4a0de6
03-10 11:59:43.253  1194  1194 D SearchTargetUtil: layoutType=short_icon_row resultType=131072 packageName=com.google.android.googlequicksearchbox extras=Bundle{suggestion_type=36,suggest_truncate_start=false,is_answer=false,is_entity=false,is_personal=true,suggest_raw_text=supabase,group_id=web818569,response_id=beb19de2-f798-44e9-8df5-163adc40c76f,support_query_builder=true,} searchAction=supabase searchActionExtras=Bundle{learn_more_url=https://support.google.com/websearch/?p=delete_recent_history&hl=en,suggestion_action_text=Delete,should_start_for_result=true,allow_pinning=true,skip_logging_in_target_handler=false,suggestion_action_rpc=1,}ParentID: null targetID: a0030d16-aec5-4fdf-967c-d70c81d0cf59
03-10 11:59:43.253  1194  1194 D SearchTargetUtil: layoutType=short_icon_row resultType=131072 packageName=com.google.android.googlequicksearchbox extras=Bundle{suggestion_type=36,suggest_truncate_start=false,is_answer=false,is_entity=false,is_personal=true,suggest_raw_text=번역,group_id=web818569,response_id=beb19de2-f798-44e9-8df5-163adc40c76f,support_query_builder=true,} searchAction=번역 searchActionExtras=Bundle{learn_more_url=https://support.google.com/websearch/?p=delete_recent_history&hl=en,suggestion_action_text=Delete,should_start_for_result=true,allow_pinning=true,skip_logging_in_target_handler=false,suggestion_action_rpc=1,}ParentID: null targetID: 34701c9b-d4f5-455b-af4f-a5a9ea0bee30
03-10 11:59:43.253  1194  1194 D SearchTargetUtil: layoutType=short_icon_row resultType=131072 packageName=com.google.android.googlequicksearchbox extras=Bundle{suggestion_type=36,suggest_truncate_start=false,is_answer=false,is_entity=false,is_personal=true,suggest_raw_text=figma,group_id=web818569,response_id=beb19de2-f798-44e9-8df5-163adc40c76f,support_query_builder=true,} searchAction=figma searchActionExtras=Bundle{learn_more_url=https://support.google.com/websearch/?p=delete_recent_history&hl=en,suggestion_action_text=Delete,should_start_for_result=true,allow_pinning=true,skip_logging_in_target_handler=false,suggestion_action_rpc=1,}ParentID: null targetID: b1a0d1a2-7a2f-4548-9073-860ffcacce3d
03-10 11:59:43.255  1909  3051 I MicroDetectionState: Should stop hotword detection immediately - true
03-10 11:59:43.256  1909  3051 I MicroDetectionState: Should stop hotword detection immediately - true
03-10 11:59:43.259  1909  3051 I A       : Using proto config with mendel
03-10 11:59:43.259  1909  3051 I A       : Using proto config with mendel
03-10 11:59:43.259  1194  1194 D SearchTargetUtil: layoutType=short_icon_row resultType=131072 packageName=com.google.android.googlequicksearchbox extras=Bundle{suggestion_type=36,suggest_truncate_start=false,is_answer=false,is_entity=false,is_personal=true,suggest_raw_text=skt 알뜰무제한,group_id=web818569,response_id=beb19de2-f798-44e9-8df5-163adc40c76f,support_query_builder=true,} searchAction=skt 알뜰무제한 searchActionExtras=Bundle{learn_more_url=https://support.google.com/websearch/?p=delete_recent_history&hl=en,suggestion_action_text=Delete,should_start_for_result=true,allow_pinning=true,skip_logging_in_target_handler=false,suggestion_action_rpc=1,}ParentID: null targetID: 8a90b652-7871-4bd4-a085-8152956b20c9
03-10 11:59:43.260  1194  1194 D SearchTargetUtil: layoutType=short_icon_row resultType=131072 packageName=com.google.android.googlequicksearchbox extras=Bundle{suggestion_type=36,suggest_truncate_start=false,is_answer=false,is_entity=false,is_personal=true,suggest_raw_text=openclaw,group_id=web818569,response_id=beb19de2-f798-44e9-8df5-163adc40c76f,support_query_builder=true,} searchAction=openclaw searchActionExtras=Bundle{learn_more_url=https://support.google.com/websearch/?p=delete_recent_history&hl=en,suggestion_action_text=Delete,should_start_for_result=true,allow_pinning=true,skip_logging_in_target_handler=false,suggestion_action_rpc=1,}ParentID: null targetID: a7377b48-565f-44b0-8919-a4cb8392276c
03-10 11:59:43.260  1194  1194 D SearchTargetUtil: layoutType=short_icon_row resultType=131072 packageName=com.google.android.googlequicksearchbox extras=Bundle{suggestion_type=36,suggest_truncate_start=false,is_answer=false,is_entity=false,is_personal=true,suggest_raw_text=composio,group_id=web818569,response_id=beb19de2-f798-44e9-8df5-163adc40c76f,support_query_builder=true,} searchAction=composio searchActionExtras=Bundle{learn_more_url=https://support.google.com/websearch/?p=delete_recent_history&hl=en,suggestion_action_text=Delete,should_start_for_result=true,allow_pinning=true,skip_logging_in_target_handler=false,suggestion_action_rpc=1,}ParentID: null targetID: c2540b4b-7e5c-4c14-a34e-7f57700fe3fe
03-10 11:59:43.260  1194  1194 D SearchTargetUtil: layoutType=short_icon_row resultType=131072 packageName=com.google.android.googlequicksearchbox extras=Bundle{suggestion_type=36,suggest_truncate_start=false,is_answer=false,is_entity=false,is_personal=true,suggest_raw_text=구글클라우드 콘솔,group_id=web818569,response_id=beb19de2-f798-44e9-8df5-163adc40c76f,support_query_builder=true,} searchAction=구글클라우드 콘솔 searchActionExtras=Bundle{learn_more_url=https://support.google.com/websearch/?p=delete_recent_history&hl=en,suggestion_action_text=Delete,should_start_for_result=true,allow_pinning=true,skip_logging_in_target_handler=false,suggestion_action_rpc=1,}ParentID: null targetID: 26b2e3d5-996a-4195-8721-f02bf4f564f7
03-10 11:59:43.260  1194  1194 D SearchTargetUtil: layoutType=short_icon_row resultType=131072 packageName=com.google.android.googlequicksearchbox extras=Bundle{suggestion_type=36,suggest_truncate_start=false,is_answer=false,is_entity=false,is_personal=true,suggest_raw_text=국민취업지원제도 취업성공수당,group_id=web818569,response_id=beb19de2-f798-44e9-8df5-163adc40c76f,support_query_builder=true,} searchAction=국민취업지원제도 취업성공수당 searchActionExtras=Bundle{learn_more_url=https://support.google.com/websearch/?p=delete_recent_history&hl=en,suggestion_action_text=Delete,should_start_for_result=true,allow_pinning=true,skip_logging_in_target_handler=false,suggestion_action_rpc=1,}ParentID: null targetID: 036ed01c-d0f2-4fdd-8793-1d9a66d44511
03-10 11:59:43.260  1194  1194 D SearchTargetUtil: layoutType=short_icon_row resultType=131072 packageName=com.google.android.googlequicksearchbox extras=Bundle{suggestion_type=36,suggest_truncate_start=false,is_answer=false,is_entity=false,is_personal=true,suggest_raw_text=레딧,group_id=web818569,response_id=beb19de2-f798-44e9-8df5-163adc40c76f,support_query_builder=true,} searchAction=레딧 searchActionExtras=Bundle{learn_more_url=https://support.google.com/websearch/?p=delete_recent_history&hl=en,suggestion_action_text=Delete,should_start_for_result=true,allow_pinning=true,skip_logging_in_target_handler=false,suggestion_action_rpc=1,}ParentID: null targetID: ac8d1360-43e3-425a-a364-366c32bd14bc
03-10 11:59:43.260  1194  1194 D SearchTargetUtil: layoutType=short_icon_row resultType=131072 packageName=com.google.android.googlequicksearchbox extras=Bundle{suggestion_type=36,suggest_truncate_start=false,is_answer=false,is_entity=false,is_personal=true,suggest_raw_text=취업장려금,group_id=web818569,response_id=beb19de2-f798-44e9-8df5-163adc40c76f,support_query_builder=true,} searchAction=취업장려금 searchActionExtras=Bundle{learn_more_url=https://support.google.com/websearch/?p=delete_recent_history&hl=en,suggestion_action_text=Delete,should_start_for_result=true,allow_pinning=true,skip_logging_in_target_handler=false,suggestion_action_rpc=1,}ParentID: null targetID: deb6bcff-1d35-4812-b95d-7bdef5d9d64e
03-10 11:59:43.260  1194  1194 D SearchTargetUtil: layoutType=extra_tall_icon_row resultType=131072 packageName=com.google.android.googlequicksearchbox extras=Bundle{bitmap_url=data:image/png;base64,iVBORw0KGgoAAAANSUhEUgAAAHwAAAB8CAMAAACcwCSMAAAAY1BMVEUfHx////8AAAATExN5eXkJCQmTk5MYGBjS0tKsrKwbGxu0tLRNTU0PDw8uLi4WFha+vr7d3d1YWFg7OzsnJydzc3P09PTm5uadnZ2Kiors7OxqamrLy8tTU1OAgIBiYmJFRUXldS7IAAAFM0lEQVRogeXb3XajIBAAYBxDNCZGranmv3n/p1xkQAFhw+lCuNi56NltE79oAAcYSWaN632/vTw3AeJ52e7vV7tCLL9rNycAoHUeJGrKDnbatD74+ASoKxI4qhrgOb7BuxvUoWEZNdy6v+EXyGPRyF+ceEkgJj0FkNKOnyH4V72OCs42fBP9tDFgs8Z/PmQz/cfEvz9mM/1bx7cftJm+VfH7R22m3xd8oB9o52pUdJjxW7RRzRX1TeKfvuhT8As/4X3xebzoEU9x4njqDD80KfDmMOFjkhNnpz4yfEvT4HTL8P7DfVxG1Wdk8LnqjlYxpWiut7zvQTCQ1gM/3qwvar5ZHB1H/nmrQ0vOHl95kz1tOkyj1MOGVHB/34HpmWw8srZ8SnMc+MGCN3WXvb+i+YZYP/kaz/brg7lw2rPbxnu8eBCfxp7jbdd8pQPHTOU9XvXk9N5GPOtyo9HbcZEeezRkH1ri2fWktw8bXsE+88X9QuDZ8NK6hgUvQOblwfEs+1IPucbr0zwfDYuPq+x+hcMD4XtwvCnNPNfERUo89Ofg+BFwir2bj2rgYiI0EtiFx+U0a+7wGl6Jz3aHIgouu3BHixWeF918XeLgBG5qh1dwPqKy4DegSLhsz0NPNVzO/bAnxsJJLU7xAQouvo7hiJOPaDjJCXZ4Nq0VuBxRSxBjfzx8HkG3gHhN8f/7+a4XEZ871Y7jLzGiqoNPRFwcnZ0rH2+xDahZXlycGEta7Han3XBC4A3ImIAK1Lipdgd64NiO8cu5WHNr9yL4RdZip66n7fS/7afBbsR/trff6XSbBYhfzsb+c/y6c8Vy/Nb1kus/4iU4Qlm9Ho6O15T/jNv+1FT6xkVvXc6KgzeED2vj/MOuR8GbE7evOLaXTj0Gnh/Rbjj+BU49Ai7SiTEvEM+denhc2iyJRLypXHpwvH5xqJsyB4ETlx4ap4o94y49ME4PHCkxY5pxhx4W120Ft+tBcZG069MlxK16SFzMDO76RFHgNj0gLmwlN9Nwix4OF1mbmhfq+FoPhouJv5aTGvhKD4WLPUh9JdDETT0QbrXXuKGHweHJD7kzhto1vuhNKDzHtrZa+7XgTOf51UBD4fXTaltxee7BzpzjnWPV2cRJwTcp8zR4dfxP8EdUnMXGitdcuZi/RzzIpGGOFQ54c1/piM8RBV/KLow++AFcDHqWkS8QfnbjoP2tVfd+DNxn384S1fGA8dqauNxIkVEqOuIv8d7D8ZdbtVWBYbb2ShR7XOYfWVcvOQXHaSPe/K/bxEY/n/YLp3jiRBGzymXnaennQULHc7Hk+COWPwHnEYPMX2Li9IVLji8qF35rnLVmBxobF92br27LJe8ml9ciLi7yqZHy+7XASSFWaHh1VzRcVFSpczW+0zC3f4iHi9VmmT+rGzxiGZwNtXHwagHWuPxgO4iDi8R0uYvpm3riK2khCo5NWlnVN3cU8V5zr8PjI9qHv2zkiulcFx5furcTn3eRo+BjpSVs6/1zsWQTAy9BL1GwVA7IodYT96iaEHhrlovYaiYasefng598SlUQN6eJjmqRgvo2uKr3KdLhuKUy1l6qgpM1D7x4+JQnTbitIthVITSNhD5FTxufwiyGf1lsd2EWG2o9NrTo2ackrfk+WD+huyQNzh7tGFqvYrzG0S7cxXg++TIMacsQ0xZgJi09TVp0m7bcOGmhddoS86TF9WkfK0j6QEXaR0nSPkST9vGhtA9OpX1kLO3DclnSxwSztA9IZkkfDeWR7qFYjM88DvwHcpFTLbaCE4EAAAAASUVORK5CYII=,suggestion_type=36,suggest_truncate_start=false,is_answer=false,is_entity=true,is_personal=true,suggest_raw_text=퍼플렉시티 ai,group_id=web818569,response_id=beb19de2-f798-44e9-8df5-163adc40c76f,support_query_builder=true,} searchAction=퍼플렉시티 ai searchActionExtras=Bundle{learn_more_url=https://support.google.com/websearch/?p=delete_recent_history&hl=en,suggestion_action_text=Delete,should_start_for_result=true,allow_pinning=true,skip_logging_in_target_handler=false,suggestion_action_rpc=1,}ParentID: null targetID: e3038b0e-fc0f-4bd7-9e5a-45b5cf93cb45
03-10 11:59:43.260  1194  1194 D SearchTargetUtil: layoutType=short_icon_row resultType=131072 packageName=com.google.android.googlequicksearchbox extras=Bundle{suggestion_type=36,suggest_truncate_start=false,is_answer=false,is_entity=false,is_personal=true,suggest_raw_text=openclaw tasksync,group_id=web818569,response_id=beb19de2-f798-44e9-8df5-163adc40c76f,support_query_builder=true,} searchAction=openclaw tasksync searchActionExtras=Bundle{learn_more_url=https://support.google.com/websearch/?p=delete_recent_history&hl=en,suggestion_action_text=Delete,should_start_for_result=true,allow_pinning=true,skip_logging_in_target_handler=false,suggestion_action_rpc=1,}ParentID: null targetID: bc1a2d8b-b668-404c-8270-83523333c19f
03-10 11:59:42.859 26991 26991 W main    : type=1400 audit(0.0:554): avc:  denied  { read } for  name="u:object_r:build_attestation_prop:s0" dev="tmpfs" ino=86 scontext=u:r:shell:s0 tcontext=u:object_r:build_attestation_prop:s0 tclass=file permissive=0
03-10 11:59:43.378   557  1265 D CompatibilityChangeReporter: Compat change id reported: 205907456; UID 10193; state: ENABLED
03-10 11:59:43.388 24825 24928 I Icing   : IndexChimeraService.getServiceInterface callingPackage=com.google.android.googlequicksearchbox componentName=null serviceId=36
03-10 11:59:43.416   557  1265 D CompatibilityChangeReporter: Compat change id reported: 194833441; UID 10193; state: ENABLED
03-10 11:59:43.417   557  1265 I ActivityTaskManager: START u0 {act=android.intent.action.MAIN cat=[android.intent.category.LAUNCHER] flg=0x10200000 cmp=com.anonymous.eoynxmobile/.MainActivity} with LAUNCH_SINGLE_TASK from uid 2000 (BAL_ALLOW_PERMISSION) result code=0
03-10 11:59:43.457   912   953 V WindowManagerShell: Transition requested: android.os.BinderProxy@e14934f TransitionRequestInfo { type = OPEN, triggerTask = TaskInfo{userId=0 taskId=74 displayId=0 isRunning=true baseIntent=Intent { act=android.intent.action.MAIN cat=[android.intent.category.LAUNCHER] flg=0x10200000 cmp=com.anonymous.eoynxmobile/.MainActivity } baseActivity=ComponentInfo{com.anonymous.eoynxmobile/com.anonymous.eoynxmobile.MainActivity} topActivity=ComponentInfo{com.anonymous.eoynxmobile/com.anonymous.eoynxmobile.MainActivity} origActivity=null realActivity=ComponentInfo{com.anonymous.eoynxmobile/com.anonymous.eoynxmobile.MainActivity} numActivities=1 lastActiveTime=12789623 supportsMultiWindow=true resizeMode=1 isResizeable=true minWidth=-1 minHeight=-1 defaultMinSize=220 token=WCT{android.window.IWindowContainerToken$Stub$Proxy@55152ba} topActivityType=1 pictureInPictureParams=null shouldDockBigOverlays=false launchIntoPipHostTaskId=-1 lastParentTaskIdBeforePip=-1 displayCutoutSafeInsets=Rect(0, 128 - 0, 0) topActivityInfo=ActivityInfo{b1156b com.anonymous.eoynxmobile.MainActivity} launchCookies=[] positionInParent=Point(0, 0) parentTaskId=-1 isFocused=false isVisible=false isVisibleRequested=false isSleeping=false topActivityInSizeCompat=false topActivityEligibleForLetterboxEducation= false topActivityLetterboxed= false isFromDoubleTap= false topActivityLetterboxVerticalPosition= -1 topActivityLetterboxHorizontalPosition= -1 topActivityLetterboxWidth=-1 topActivityLetterboxHeight=-1 locusId=null displayAreaFeatureId=1 cameraCompatControlState=hidden}, remoteTransition = null, displayChange = null }
03-10 11:59:43.488 26991 26991 I Monkey  : Events injected: 1
03-10 11:59:43.551   912   963 D SplashScreenView: Build android.window.SplashScreenView{72dc974 V.E...... ......ID 0,0-0,0}
03-10 11:59:43.551   912   963 D SplashScreenView: Icon: view: android.widget.ImageView{5984e9d V.ED..... ......I. 0,0-0,0 #10204f0 android:id/splashscreen_icon_view} drawable: com.android.wm.shell.startingsurface.SplashscreenIconDrawableFactory$ImmobileIconDrawable@43b7f12 size: 420
03-10 11:59:43.551   912   963 D SplashScreenView: Branding: view: android.view.View{7f8c6e3 G.ED..... ......I. 0,0-0,0 #10204ef android:id/splashscreen_branding_view} drawable: null size w: 0 h: 0
03-10 11:59:43.669   912   912 D StatusBarIconController: ignoring old pipeline callback because the new wifi icon is enabled
03-10 11:59:43.692   912   953 W Looper  : Slow dispatch took 266ms wmshell.main h=android.os.Handler c=com.android.wm.shell.transition.Transitions$TransitionPlayerImpl$$ExternalSyntheticLambda1@81808e0 m=0
03-10 11:59:43.702   912   953 W Looper  : Slow delivery took 275ms wmshell.main h=android.os.Handler c=android.window.TaskOrganizer$1$$ExternalSyntheticLambda3@2303799 m=0
03-10 11:59:43.719   557  2542 D CompatibilityChangeReporter: Compat change id reported: 168419799; UID 10193; state: DISABLED
03-10 11:59:43.719   557  2542 D CompatibilityChangeReporter: Compat change id reported: 273564678; UID 10193; state: DISABLED
03-10 11:59:43.749   557   579 W ActivityManager: Slow operation: 249ms so far, now at startProcess: done creating new process record
03-10 11:59:43.749   557   579 W ActivityManager: Slow operation: 249ms so far, now at startProcess: stepping in to startProcess
03-10 11:59:43.755   557   557 W Looper  : Slow dispatch took 108ms main h=com.android.providers.settings.SettingsProvider$SettingsRegistry$MyHandler c=null m=1
03-10 11:59:43.757   557   579 D CompatibilityChangeReporter: Compat change id reported: 135634846; UID 10193; state: DISABLED
03-10 11:59:43.765   557   579 W ActivityManager: Slow operation: 265ms so far, now at startProcess: done starting proc!
03-10 11:59:43.771   557   588 W system_server: Long monitor contention with owner android.display (579) at void com.android.server.am.ActivityManagerService$LocalService.startProcess(java.lang.String, android.content.pm.ApplicationInfo, boolean, boolean, java.lang.String, android.content.ComponentName)(ActivityManagerService.java:18368) waiters=0 in boolean com.android.server.am.BroadcastQueueModernImpl.lambda$new$0(android.os.Message) for 271ms
03-10 11:59:43.791   557   589 D CompatibilityChangeReporter: Compat change id reported: 143937733; UID 10193; state: ENABLED
03-10 11:59:43.793   557  2533 W system_server: Long monitor contention with owner android.display (579) at void com.android.server.am.ActivityManagerService$LocalService.startProcess(java.lang.String, android.content.pm.ApplicationInfo, boolean, boolean, java.lang.String, android.content.ComponentName)(ActivityManagerService.java:18368) waiters=2 in int com.android.server.am.ActivityManagerService.bindServiceInstance(android.app.IApplicationThread, android.os.IBinder, android.content.Intent, java.lang.String, android.app.IServiceConnection, long, java.lang.String, boolean, int, java.lang.String, android.app.IApplicationThread, java.lang.String, int) for 149ms
03-10 11:59:43.835   365   365 D Zygote  : Forked child process 27012
03-10 11:59:43.837   432   432 I BpBinder: onLastStrongRef automatically unlinking death recipients: 
03-10 11:59:43.874   557  2530 D CoreBackPreview: Window{3bcd6fa u0 Splash Screen com.anonymous.eoynxmobile}: Setting back callback OnBackInvokedCallbackInfo{mCallback=android.window.IOnBackInvokedCallback$Stub$Proxy@eb32bb4, mPriority=0, mIsAnimationCallback=false}
03-10 11:59:43.891   557   589 W ActivityManager: Slow operation: 142ms so far, now at startProcess: returned from zygote!
03-10 11:59:43.923  1194  2053 D EGL_emulation: app_time_stats: avg=542.20ms min=137.83ms max=948.10ms count=4
03-10 11:59:43.925   557   589 W ActivityManager: Slow operation: 176ms so far, now at startProcess: done updating battery stats
03-10 11:59:43.925   557   589 W ActivityManager: Slow operation: 176ms so far, now at startProcess: building log message
03-10 11:59:43.925   557   589 I ActivityManager: Start proc 27012:com.anonymous.eoynxmobile/u0a193 for next-top-activity {com.anonymous.eoynxmobile/com.anonymous.eoynxmobile.MainActivity}
03-10 11:59:43.925   557   589 W ActivityManager: Slow operation: 176ms so far, now at startProcess: starting to update pids map
03-10 11:59:43.925   557   589 W ActivityManager: Slow operation: 176ms so far, now at startProcess: done updating pids map
03-10 11:59:43.934 26991 26991 I Monkey  : ## Network stats: elapsed time=480ms (0ms mobile, 0ms wifi, 480ms not connected)
03-10 11:59:43.941 26991 26991 I app_process: System.exit called, status: 0
03-10 11:59:43.941 26991 26991 I AndroidRuntime: VM exiting with result code 0.
03-10 11:59:44.028 27012 27012 I ous.eoynxmobile: Late-enabling -Xcheck:jni
03-10 11:59:44.096   912   976 E OpenGLRenderer: Unable to match the desired swap behavior.
03-10 11:59:44.113   557   638 D CompatibilityChangeReporter: Compat change id reported: 265195908; UID 10193; state: ENABLED
03-10 11:59:44.176   557  2542 W ActivityTaskManager: takeTaskSnapshot: taskId=74 not found or not visible
03-10 11:59:44.220   557   577 W Looper  : Slow dispatch took 243ms android.ui h=com.android.server.am.ActivityManagerService$UiHandler c=com.android.server.am.UidObserverController$$ExternalSyntheticLambda0@6216085 m=0
03-10 11:59:44.238   557   568 I system_server: NativeAlloc concurrent copying GC freed 374257(19MB) AllocSpace objects, 70(1832KB) LOS objects, 46% free, 27MB/51MB, paused 2.589ms,31us total 705.972ms
03-10 11:59:44.243 27012 27012 I ous.eoynxmobile: Using CollectorTypeCC GC.
03-10 11:59:44.245 27012 27012 W ous.eoynxmobile: Unexpected CPU variant for x86: x86_64.
03-10 11:59:44.245 27012 27012 W ous.eoynxmobile: Known variants: atom, sandybridge, silvermont, goldmont, goldmont-plus, tremont, kabylake, default
03-10 11:59:44.257   557   576 V WindowManager: Sent Transition #158 createdAt=03-10 11:59:43.220 via request=TransitionRequestInfo { type = OPEN, triggerTask = TaskInfo{userId=0 taskId=74 displayId=0 isRunning=true baseIntent=Intent { act=android.intent.action.MAIN cat=[android.intent.category.LAUNCHER] flg=0x10200000 cmp=com.anonymous.eoynxmobile/.MainActivity } baseActivity=ComponentInfo{com.anonymous.eoynxmobile/com.anonymous.eoynxmobile.MainActivity} topActivity=ComponentInfo{com.anonymous.eoynxmobile/com.anonymous.eoynxmobile.MainActivity} origActivity=null realActivity=ComponentInfo{com.anonymous.eoynxmobile/com.anonymous.eoynxmobile.MainActivity} numActivities=1 lastActiveTime=12789623 supportsMultiWindow=true resizeMode=1 isResizeable=true minWidth=-1 minHeight=-1 defaultMinSize=220 token=WCT{RemoteToken{6d92d02 Task{1886233 #74 type=standard A=10193:com.anonymous.eoynxmobile}}} topActivityType=1 pictureInPictureParams=null shouldDockBigOverlays=false launchIntoPipHostTaskId=-1 lastParentTaskIdBeforePip=-1 displayCutoutSafeInsets=Rect(0, 128 - 0, 0) topActivityInfo=ActivityInfo{7baf613 com.anonymous.eoynxmobile.MainActivity} launchCookies=[] positionInParent=Point(0, 0) parentTaskId=-1 isFocused=false isVisible=false isVisibleRequested=false isSleeping=false topActivityInSizeCompat=false topActivityEligibleForLetterboxEducation= false topActivityLetterboxed= false isFromDoubleTap= false topActivityLetterboxVerticalPosition= -1 topActivityLetterboxHorizontalPosition= -1 topActivityLetterboxWidth=-1 topActivityLetterboxHeight=-1 locusId=null displayAreaFeatureId=1 cameraCompatControlState=hidden}, remoteTransition = null, displayChange = null }
03-10 11:59:44.260   912   953 V WindowManagerShell: onTransitionReady android.os.BinderProxy@e14934f: {id=158 t=OPEN f=0x0 trk=0 r=[0@Point(0, 0)] c=[{WCT{android.window.IWindowContainerToken$Stub$Proxy@c9077a4} m=OPEN f=NONE leash=Surface(name=Task=74)/@0xbd840d1 sb=Rect(0, 0 - 1080, 2400) eb=Rect(0, 0 - 1080, 2400) d=0},{WCT{android.window.IWindowContainerToken$Stub$Proxy@acf190d} m=TO_BACK f=SHOW_WALLPAPER leash=Surface(name=Task=1)/@0x1797736 sb=Rect(0, 0 - 1080, 2400) eb=Rect(0, 0 - 1080, 2400) d=0}]}
03-10 11:59:44.260   912   953 V WindowManagerShell: Playing animation for (#158)android.os.BinderProxy@e14934f@0
03-10 11:59:44.260   912   953 V WindowManagerShell:  try handler com.android.wm.shell.transition.DefaultMixedHandler@c35a352
03-10 11:59:44.260   912   953 V WindowManagerShell:  try handler com.android.wm.shell.keyguard.KeyguardTransitionHandler@e05b623
03-10 11:59:44.260   912   953 V WindowManagerShell:  try handler com.android.wm.shell.activityembedding.ActivityEmbeddingController@7ff6720
03-10 11:59:44.260   912   953 V WindowManagerShell:  try handler com.android.wm.shell.recents.RecentsTransitionHandler@bead8d9
03-10 11:59:44.260   912   953 V ShellRecents: RecentsTransitionHandler.startAnimation: no controller found
03-10 11:59:44.260   912   953 V WindowManagerShell:  try handler com.android.wm.shell.pip.PipTransition@1e6a29e
03-10 11:59:44.260   912   953 V WindowManagerShell:  try handler com.android.wm.shell.splitscreen.StageCoordinator@8f3917f
03-10 11:59:44.260   912   953 V WindowManagerShell:  try handler com.android.wm.shell.transition.RemoteTransitionHandler@d43d54c
03-10 11:59:44.260   912   953 V WindowManagerShell: Transition doesn't have explicit remote, search filters for match for {id=158 t=OPEN f=0x0 trk=0 r=[0@Point(0, 0)] c=[{WCT{android.window.IWindowContainerToken$Stub$Proxy@c9077a4} m=OPEN f=NONE leash=Surface(name=Task=74)/@0xbd840d1 sb=Rect(0, 0 - 1080, 2400) eb=Rect(0, 0 - 1080, 2400) d=0},{WCT{android.window.IWindowContainerToken$Stub$Proxy@acf190d} m=TO_BACK f=SHOW_WALLPAPER leash=Surface(name=Task=1)/@0x1797736 sb=Rect(0, 0 - 1080, 2400) eb=Rect(0, 0 - 1080, 2400) d=0}]}
03-10 11:59:44.260   912   953 V WindowManagerShell:  Checking filter Pair{{types=[] flags=0x0] notFlags=0x0 checks=[{atype=dream independent=true modes=[OPEN,TO_FRONT] flags=NONE mustBeTask=false order=ANY topActivity=null},{atype=home independent=true modes=[CLOSE,TO_BACK] flags=NONE mustBeTask=false order=ANY topActivity=null}]} RemoteTransition { remoteTransition = android.window.IRemoteTransition$Stub$Proxy@f7e2f81, appThread = android.app.IApplicationThread$Stub$Proxy@9f9b826, debugName = LauncherToDream }}
03-10 11:59:44.260   912   953 V WindowManagerShell:  Checking filter Pair{{types=[] flags=0x0] notFlags=0x100 checks=[{atype=home independent=true modes=[OPEN,TO_FRONT] flags=NONE mustBeTask=false order=TOP topActivity=ComponentInfo{com.google.android.apps.nexuslauncher/com.google.android.apps.nexuslauncher.NexusLauncherActivity}},{atype=standard independent=true modes=[CLOSE,TO_BACK] flags=NONE mustBeTask=false order=ANY topActivity=null}]} RemoteTransition { remoteTransition = android.window.IRemoteTransition$Stub$Proxy@8d32c67, appThread = android.app.IApplicationThread$Stub$Proxy@81b7a14, debugName = QuickstepLaunchHome }}
03-10 11:59:44.260   912   953 V WindowManagerShell:  Delegate animation for #158 to null
03-10 11:59:44.260   912   953 V WindowManagerShell:  try handler com.android.wm.shell.transition.DefaultTransitionHandler@39dca11
03-10 11:59:44.260   912   953 V WindowManagerShell: start default transition animation, info = {id=158 t=OPEN f=0x0 trk=0 r=[0@Point(0, 0)] c=[{WCT{android.window.IWindowContainerToken$Stub$Proxy@c9077a4} m=OPEN f=NONE leash=Surface(name=Task=74)/@0xbd840d1 sb=Rect(0, 0 - 1080, 2400) eb=Rect(0, 0 - 1080, 2400) d=0},{WCT{android.window.IWindowContainerToken$Stub$Proxy@acf190d} m=TO_BACK f=SHOW_WALLPAPER leash=Surface(name=Task=1)/@0x1797736 sb=Rect(0, 0 - 1080, 2400) eb=Rect(0, 0 - 1080, 2400) d=0}]}
03-10 11:59:44.261   912   953 V WindowManagerShell: loadAnimation: anim=android.view.animation.AnimationSet@c192ed3 animAttr=0x13 type=OPEN isEntrance=false
03-10 11:59:44.261   912   953 V WindowManagerShell: loadAnimation: anim=android.view.animation.AnimationSet@53de52f animAttr=0x12 type=OPEN isEntrance=true
03-10 11:59:44.264   557   576 V WindowManager:     startWCT=WindowContainerTransaction { changes = {} hops = [] errorCallbackToken=null taskFragmentOrganizer=null }
03-10 11:59:44.265   557   576 V WindowManager:     info={id=158 t=OPEN f=0x0 trk=0 r=[0@Point(0, 0)] c=[{WCT{RemoteToken{6d92d02 Task{1886233 #74 type=standard A=10193:com.anonymous.eoynxmobile}}} m=OPEN f=NONE leash=Surface(name=Task=74)/@0x6cb8f76 sb=Rect(0, 0 - 1080, 2400) eb=Rect(0, 0 - 1080, 2400) d=0},{WCT{RemoteToken{c98bd34 Task{9d08bf7 #1 type=home}}} m=TO_BACK f=SHOW_WALLPAPER leash=Surface(name=Task=1)/@0x2cc0df sb=Rect(0, 0 - 1080, 2400) eb=Rect(0, 0 - 1080, 2400) d=0}]}
03-10 11:59:44.288   912   953 V WindowManagerShell:  animated by com.android.wm.shell.transition.DefaultTransitionHandler@39dca11
03-10 11:59:44.289   912   953 W Looper  : Drained
03-10 11:59:44.351   912   959 W Looper  : Slow dispatch took 52ms wmshell.anim h=android.os.Handler c=com.android.wm.shell.transition.DefaultTransitionHandler$$ExternalSyntheticLambda1@54da54b m=0
03-10 11:59:44.408 24825 24928 I Icing   : IndexChimeraService.getServiceInterface callingPackage=com.google.android.gms componentName=null serviceId=30
03-10 11:59:44.445   912   959 W Looper  : Slow dispatch took 36ms wmshell.anim h=android.view.Choreographer$FrameHandler c=android.view.Choreographer$FrameDisplayEventReceiver@eec457e m=0
03-10 11:59:44.484   448   463 I adbd    : jdwp connection from 27012
03-10 11:59:44.537   912   959 W Looper  : Drained
03-10 11:59:44.539 24825 24925 I Icing   : Usage reports ok 1, Failed Usage reports 0, indexed 0, rejected 0
03-10 11:59:44.576 27012 27012 D CompatibilityChangeReporter: Compat change id reported: 171979766; UID 10193; state: ENABLED
03-10 11:59:44.584 27012 27012 D CompatibilityChangeReporter: Compat change id reported: 242716250; UID 10193; state: ENABLED
03-10 11:59:44.607   557  2530 D CompatibilityChangeReporter: Compat change id reported: 170503758; UID 10193; state: ENABLED
03-10 11:59:44.609 27012 27012 W ziparchive: Unable to open '/data/app/~~SEV7DUZYX_znJYG4ouIn9g==/com.anonymous.eoynxmobile-PJS63y-BpB4lanJjKob-uQ==/base.dm': No such file or directory
03-10 11:59:44.609 27012 27012 W ziparchive: Unable to open '/data/app/~~SEV7DUZYX_znJYG4ouIn9g==/com.anonymous.eoynxmobile-PJS63y-BpB4lanJjKob-uQ==/base.dm': No such file or directory
03-10 11:59:44.618   912   959 W Looper  : Slow dispatch took 31ms wmshell.anim h=android.view.Choreographer$FrameHandler c=android.view.Choreographer$FrameDisplayEventReceiver@eec457e m=0
03-10 11:59:44.691   912   959 W Looper  : Slow dispatch took 42ms wmshell.anim h=android.view.Choreographer$FrameHandler c=android.view.Choreographer$FrameDisplayEventReceiver@eec457e m=0
03-10 11:59:44.692   557  2530 D CompatibilityChangeReporter: Compat change id reported: 161252188; UID 10193; state: DISABLED
03-10 11:59:44.693 24825 24925 I Icing   : Usage reports ok 1, Failed Usage reports 0, indexed 0, rejected 0
03-10 11:59:44.693   912   953 V WindowManagerShell: Transition animation finished (aborted=false), notifying core (#158)android.os.BinderProxy@e14934f@0
03-10 11:59:44.710   557   576 V WindowManager: Finish Transition #158: created at 03-10 11:59:43.220 collect-started=0.011ms request-sent=189.243ms started=471.889ms ready=1009.404ms sent=1033.286ms finished=1490.135ms
03-10 11:59:44.723   912   953 V WindowManagerShell: Track 0 became idle
03-10 11:59:44.724   912   953 V WindowManagerShell: All active transition animations finished
03-10 11:59:44.724   912   953 W Looper  : Slow dispatch took 31ms wmshell.main h=android.os.Handler c=com.android.wm.shell.transition.DefaultTransitionHandler$$ExternalSyntheticLambda0@f4f4b27 m=0
03-10 11:59:44.760  1194  1194 D AutofillManager: view is not autofillable - activity denied for autofill
03-10 11:59:45.029 27012 27012 D nativeloader: Configuring clns-6 for other apk /data/app/~~SEV7DUZYX_znJYG4ouIn9g==/com.anonymous.eoynxmobile-PJS63y-BpB4lanJjKob-uQ==/base.apk. target_sdk_version=36, uses_libraries=, library_path=/data/app/~~SEV7DUZYX_znJYG4ouIn9g==/com.anonymous.eoynxmobile-PJS63y-BpB4lanJjKob-uQ==/lib/x86_64:/data/app/~~SEV7DUZYX_znJYG4ouIn9g==/com.anonymous.eoynxmobile-PJS63y-BpB4lanJjKob-uQ==/base.apk!/lib/x86_64, permitted_path=/data:/mnt/expand:/data/user/0/com.anonymous.eoynxmobile
03-10 11:59:45.070 27012 27012 V GraphicsEnvironment: Currently set values for:
03-10 11:59:45.070 27012 27012 V GraphicsEnvironment:   angle_gl_driver_selection_pkgs=[]
03-10 11:59:45.070 27012 27012 V GraphicsEnvironment:   angle_gl_driver_selection_values=[]
03-10 11:59:45.070 27012 27012 V GraphicsEnvironment: ANGLE GameManagerService for com.anonymous.eoynxmobile: false
03-10 11:59:45.070 27012 27012 V GraphicsEnvironment: com.anonymous.eoynxmobile is not listed in per-application setting
03-10 11:59:45.071 27012 27012 V GraphicsEnvironment: Neither updatable production driver nor prerelease driver is supported.
03-10 11:59:45.143 27012 27012 W SoLoader: Initializing SoLoader: 0
03-10 11:59:45.144 27012 27012 W SoLoader: Recording new base apk path: /data/app/~~SEV7DUZYX_znJYG4ouIn9g==/com.anonymous.eoynxmobile-PJS63y-BpB4lanJjKob-uQ==/base.apk
03-10 11:59:45.144 27012 27012 W SoLoader: Previously recorded 0 base apk paths.
03-10 11:59:45.149 27012 27012 I SoLoader: Preparing SO source: DirectorySoSource[root = /vendor/lib64 flags = 2]
03-10 11:59:45.149 27012 27012 I SoLoader: Preparing SO source: DirectorySoSource[root = /system/lib64 flags = 2]
03-10 11:59:45.149 27012 27012 I SoLoader: Preparing SO source: DirectApkSoSource[root = [/data/app/~~SEV7DUZYX_znJYG4ouIn9g==/com.anonymous.eoynxmobile-PJS63y-BpB4lanJjKob-uQ==/base.apk!/lib/x86_64]]
03-10 11:59:45.210 27012 27012 I SoLoader: Preparing SO source: ApplicationSoSource[DirectorySoSource[root = /data/app/~~SEV7DUZYX_znJYG4ouIn9g==/com.anonymous.eoynxmobile-PJS63y-BpB4lanJjKob-uQ==/lib/x86_64 flags = 0]]
03-10 11:59:45.210 27012 27012 I SoLoader: init finish: 4 SO sources prepared
03-10 11:59:45.211 27012 27012 W SoLoader: SoLoader initialized: 8
03-10 11:59:45.358 27012 27012 D jni_lib_merge: Entering merged library JNI_OnLoad.
03-10 11:59:45.359 27012 27012 D jni_lib_merge: Preparing 12 pre-merged libs (including stub)
03-10 11:59:45.359 27012 27012 D jni_lib_merge: Preparing to register libfabricjni_so.  onload_func: 0x7efc9ade9730
03-10 11:59:45.359 27012 27012 D jni_lib_merge: Preparing to register libreact_devsupportjni_so.  onload_func: 0x7efc9afe6190
03-10 11:59:45.359 27012 27012 D jni_lib_merge: Preparing to register libreact_featureflagsjni_so.  onload_func: 0x7efc9aff7910
03-10 11:59:45.359 27012 27012 D jni_lib_merge: Preparing to register libreact_newarchdefaults_so.  onload_func: 0x7efc9b098d20
03-10 11:59:45.359 27012 27012 D jni_lib_merge: Preparing to register libreactnativeblob_so.  onload_func: 0x7efc9b2a32e0
03-10 11:59:45.359 27012 27012 D jni_lib_merge: Preparing to register libreactnativejni_so.  onload_func: 0x7efc9b2e3770
03-10 11:59:45.359 27012 27012 D jni_lib_merge: Preparing to register libreactnativejni_common_so.  onload_func: 0x7efc9b2f35d0
03-10 11:59:45.359 27012 27012 D jni_lib_merge: Preparing to register librninstance_so.  onload_func: 0x7efc9b3304c0
03-10 11:59:45.359 27012 27012 D jni_lib_merge: Preparing to register libturbomodulejsijni_so.  onload_func: 0x7efc9b491c00
03-10 11:59:45.359 27012 27012 D jni_lib_merge: Preparing to register libuimanagerjni_so.  onload_func: 0x7efc9b4a9de0
03-10 11:59:45.359 27012 27012 D jni_lib_merge: Preparing to register libyoga_so.  onload_func: 0x7efc9b4b8d70
03-10 11:59:45.359 27012 27012 D jni_lib_merge: About to register 11 actual methods.
03-10 11:59:45.408 27012 27012 D jni_lib_merge: Entering merged library JNI_OnLoad.
03-10 11:59:45.409 27012 27012 D jni_lib_merge: Preparing 12 pre-merged libs (including stub)
03-10 11:59:45.409 27012 27012 D jni_lib_merge: Preparing to register libfabricjni_so.  onload_func: 0x7efc9ade9730
03-10 11:59:45.409 27012 27012 D jni_lib_merge: Preparing to register libreact_devsupportjni_so.  onload_func: 0x7efc9afe6190
03-10 11:59:45.409 27012 27012 D jni_lib_merge: Preparing to register libreact_featureflagsjni_so.  onload_func: 0x7efc9aff7910
03-10 11:59:45.409 27012 27012 D jni_lib_merge: Preparing to register libreact_newarchdefaults_so.  onload_func: 0x7efc9b098d20
03-10 11:59:45.409 27012 27012 D jni_lib_merge: Preparing to register libreactnativeblob_so.  onload_func: 0x7efc9b2a32e0
03-10 11:59:45.409 27012 27012 D jni_lib_merge: Preparing to register libreactnativejni_so.  onload_func: 0x7efc9b2e3770
03-10 11:59:45.409 27012 27012 D jni_lib_merge: Preparing to register libreactnativejni_common_so.  onload_func: 0x7efc9b2f35d0
03-10 11:59:45.409 27012 27012 D jni_lib_merge: Preparing to register librninstance_so.  onload_func: 0x7efc9b3304c0
03-10 11:59:45.409 27012 27012 D jni_lib_merge: Preparing to register libturbomodulejsijni_so.  onload_func: 0x7efc9b491c00
03-10 11:59:45.413 27012 27012 D jni_lib_merge: Preparing to register libuimanagerjni_so.  onload_func: 0x7efc9b4a9de0
03-10 11:59:45.413 27012 27012 D jni_lib_merge: Preparing to register libyoga_so.  onload_func: 0x7efc9b4b8d70
03-10 11:59:45.413 27012 27012 D jni_lib_merge: About to register 11 actual methods.
03-10 11:59:45.480 27012 27012 D jni_lib_merge: Entering merged library JNI_OnLoad.
03-10 11:59:45.481 27012 27012 D jni_lib_merge: Preparing 12 pre-merged libs (including stub)
03-10 11:59:45.481 27012 27012 D jni_lib_merge: Preparing to register libfabricjni_so.  onload_func: 0x7efc9ade9730
03-10 11:59:45.481 27012 27012 D jni_lib_merge: Preparing to register libreact_devsupportjni_so.  onload_func: 0x7efc9afe6190
03-10 11:59:45.481 27012 27012 D jni_lib_merge: Preparing to register libreact_featureflagsjni_so.  onload_func: 0x7efc9aff7910
03-10 11:59:45.481 27012 27012 D jni_lib_merge: Preparing to register libreact_newarchdefaults_so.  onload_func: 0x7efc9b098d20
03-10 11:59:45.481 27012 27012 D jni_lib_merge: Preparing to register libreactnativeblob_so.  onload_func: 0x7efc9b2a32e0
03-10 11:59:45.481 27012 27012 D jni_lib_merge: Preparing to register libreactnativejni_so.  onload_func: 0x7efc9b2e3770
03-10 11:59:45.481 27012 27012 D jni_lib_merge: Preparing to register libreactnativejni_common_so.  onload_func: 0x7efc9b2f35d0
03-10 11:59:45.481 27012 27012 D jni_lib_merge: Preparing to register librninstance_so.  onload_func: 0x7efc9b3304c0
03-10 11:59:45.481 27012 27012 D jni_lib_merge: Preparing to register libturbomodulejsijni_so.  onload_func: 0x7efc9b491c00
03-10 11:59:45.481 27012 27012 D jni_lib_merge: Preparing to register libuimanagerjni_so.  onload_func: 0x7efc9b4a9de0
03-10 11:59:45.481 27012 27012 D jni_lib_merge: Preparing to register libyoga_so.  onload_func: 0x7efc9b4b8d70
03-10 11:59:45.481 27012 27012 D jni_lib_merge: About to register 11 actual methods.
03-10 11:59:45.583   557  1883 I ActivityManager: Flag disabled. Ignoring finishAttachApplication from uid: 10193. pid: 27012
03-10 11:59:45.665 27012 27034 D libEGL  : loaded /vendor/lib64/egl/libEGL_emulation.so
03-10 11:59:45.670 27012 27012 D AppCompatDelegate: Checking for metadata for AppLocalesMetadataHolderService : Service not found
03-10 11:59:45.691 27012 27034 D libEGL  : loaded /vendor/lib64/egl/libGLESv1_CM_emulation.so
03-10 11:59:45.693 27012 27034 D libEGL  : loaded /vendor/lib64/egl/libGLESv2_emulation.so
03-10 11:59:46.027   557  1883 D CompatibilityChangeReporter: Compat change id reported: 161145287; UID 10193; state: ENABLED
03-10 11:59:46.141 27012 27041 D TrafficStats: tagSocket(80) with statsTag=0xffffffff, statsUid=-1
03-10 11:59:46.178 27012 27012 W unknown:BridgelessReact: ReactHost{0}.startSurface(surfaceId = 0): Schedule
03-10 11:59:46.180 27012 27012 W unknown:BridgelessReact: ReactHost{0}.attachSurface(surfaceId = 0)
03-10 11:59:46.202 27012 27044 W unknown:BridgelessReact: ReactHost{0}.getOrCreateReactInstanceTask()
03-10 11:59:46.202 27012 27044 W unknown:BridgelessReact: ReactHost{0}.getOrCreateReactInstanceTask(): Start
03-10 11:59:46.202 27012 27044 W unknown:BridgelessReact: ReactHost{0}.getJSBundleLoader()
03-10 11:59:46.202 27012 27044 W unknown:BridgelessReact: ReactHost{0}.isMetroRunning()
03-10 11:59:46.239 27012 27045 D TrafficStats: tagSocket(82) with statsTag=0xffffffff, statsUid=-1
03-10 11:59:46.280 27012 27045 W unknown:BridgelessReact: ReactHost{0}.isMetroRunning(): Async result = true
03-10 11:59:46.281 27012 27044 W unknown:BridgelessReact: ReactHost{0}.loadJSBundleFromMetro()
03-10 11:59:46.299 27012 27012 W ous.eoynxmobile: Accessing hidden method Landroid/view/ViewGroup;->makeOptionalFitsSystemWindows()V (unsupported, reflection, allowed)
03-10 11:59:46.329 27012 27012 W unknown:BridgelessReact: ReactHost{0}.onHostResume(activity)
03-10 11:59:46.329 27012 27012 W unknown:ReactNative: Packager connection already open, nooping.
03-10 11:59:46.345 27012 27012 D CompatibilityChangeReporter: Compat change id reported: 237531167; UID 10193; state: DISABLED
03-10 11:59:46.348 27012 27012 W OpenGLRenderer: Unknown dataspace 0
03-10 11:59:46.392 27012 27012 I Choreographer: Skipped 74 frames!  The application may be doing too much work on its main thread.
03-10 11:59:46.414   557  2530 D CoreBackPreview: Window{438a6b0 u0 com.anonymous.eoynxmobile/com.anonymous.eoynxmobile.MainActivity}: Setting back callback OnBackInvokedCallbackInfo{mCallback=android.window.IOnBackInvokedCallback$Stub$Proxy@16b424f, mPriority=0, mIsAnimationCallback=false}
03-10 11:59:46.629 27012 27032 W OpenGLRenderer: Failed to choose config with EGL_SWAP_BEHAVIOR_PRESERVED, retrying without...
03-10 11:59:46.632 27012 27032 W OpenGLRenderer: Failed to initialize 101010-2 format, error = EGL_SUCCESS
--------- beginning of kernel
03-10 11:59:46.923     0     0 I servicemanager: Could not find android.hardware.graphics.allocator.IAllocator/default in the VINTF manifest.
03-10 11:59:46.991   158   158 I hwservicemanager: getTransport: Cannot find entry android.hardware.graphics.mapper@4.0::IMapper/default in either framework or device VINTF manifest.
03-10 11:59:46.994 27012 27032 I Gralloc4: mapper 4.x is not supported
03-10 11:59:47.124 27012 27032 E OpenGLRenderer: Unable to match the desired swap behavior.
03-10 11:59:47.337 27012 27012 D CompatibilityChangeReporter: Compat change id reported: 210923482; UID 10193; state: ENABLED
03-10 11:59:47.349   557   576 W ziparchive: Unable to open '/data/app/~~SEV7DUZYX_znJYG4ouIn9g==/com.anonymous.eoynxmobile-PJS63y-BpB4lanJjKob-uQ==/base.dm': No such file or directory
03-10 11:59:47.352 27012 27028 I OpenGLRenderer: Davey! duration=2134ms; Flags=1, FrameTimelineVsyncId=3599045, IntendedVsync=12791361822072, Vsync=12792595155356, InputEventId=0, HandleInputStart=12792607517722, AnimationStart=12792607520675, PerformTraversalsStart=12792607623253, DrawStart=12793386868664, FrameDeadline=12791378488738, FrameInterval=12792607253596, FrameStartTime=16666666, SyncQueued=12793394545686, SyncStart=12793435585597, IssueDrawCommandsStart=12793464994765, SwapBuffers=12793479078463, FrameCompleted=12793537500336, DequeueBufferDuration=8034, QueueBufferDuration=2156855, GpuCompleted=12793532751283, SwapBuffersCompleted=12793537500336, DisplayPresentTime=35192962089624, CommandSubmissionCompleted=12793479078463, 
03-10 11:59:47.359   557   576 I ActivityTaskManager: Displayed com.anonymous.eoynxmobile/.MainActivity for user 0: +4s133ms
03-10 11:59:47.476 27012 27012 I Choreographer: Skipped 57 frames!  The application may be doing too much work on its main thread.
03-10 11:59:47.504   557  2530 D CoreBackPreview: Window{cd5ac74 u0 PopupWindow:4eb9559}: Setting back callback OnBackInvokedCallbackInfo{mCallback=android.window.IOnBackInvokedCallback$Stub$Proxy@aa59a12, mPriority=0, mIsAnimationCallback=false}
03-10 11:59:47.588   912   976 D EGL_emulation: app_time_stats: avg=1455.08ms min=26.91ms max=4102.15ms count=3
03-10 11:59:47.623 27012 27032 E OpenGLRenderer: Unable to match the desired swap behavior.
03-10 11:59:47.940   912   962 W WindowOnBackDispatcher: sendCancelIfRunning: isInProgress=falsecallback=android.view.ViewRootImpl$$ExternalSyntheticLambda17@1a4d30c
03-10 11:59:47.973   557   972 W InputManager-JNI: Input channel object '3bcd6fa Splash Screen com.anonymous.eoynxmobile (client)' was disposed without first being removed with the input manager!
03-10 11:59:48.037   557  2530 D CoreBackPreview: Window{3bcd6fa u0 Splash Screen com.anonymous.eoynxmobile EXITING}: Setting back callback null
03-10 11:59:48.057 27012 27012 W unknown:BridgelessReact: ReactHost{0}.raiseSoftException(onWindowFocusChange(hasFocus = "true")): Tried to access onWindowFocusChange while context is not ready
03-10 11:59:48.085 27012 27012 E unknown:ReactHost: Unhandled SoftException
03-10 11:59:48.085 27012 27012 E unknown:ReactHost: com.facebook.react.bridge.ReactNoCrashSoftException: raiseSoftException(onWindowFocusChange(hasFocus = "true")): Tried to access onWindowFocusChange while context is not ready
03-10 11:59:48.085 27012 27012 E unknown:ReactHost: 	at com.facebook.react.runtime.ReactHostImpl.raiseSoftException(ReactHostImpl.kt:861)
03-10 11:59:48.085 27012 27012 E unknown:ReactHost: 	at com.facebook.react.runtime.ReactHostImpl.raiseSoftException$default(ReactHostImpl.kt:852)
03-10 11:59:48.085 27012 27012 E unknown:ReactHost: 	at com.facebook.react.runtime.ReactHostImpl.onWindowFocusChange(ReactHostImpl.kt:625)
03-10 11:59:48.085 27012 27012 E unknown:ReactHost: 	at com.facebook.react.ReactDelegate.onWindowFocusChanged(ReactDelegate.kt:232)
03-10 11:59:48.085 27012 27012 E unknown:ReactHost: 	at com.facebook.react.ReactActivityDelegate.onWindowFocusChanged(ReactActivityDelegate.java:237)
